Component: ARM Compiler 5.06 update 7 (build 960) Tool: armlink [4d3601]

==============================================================================

Section Cross References

    startup_stm32f10x_hd.o(RESET) refers to startup_stm32f10x_hd.o(STACK) for __initial_sp
    startup_stm32f10x_hd.o(RESET) refers to startup_stm32f10x_hd.o(.text) for Reset_Handler
    startup_stm32f10x_hd.o(RESET) refers to port.o(.emb_text) for vPortSVCHandler
    startup_stm32f10x_hd.o(RESET) refers to port.o(i.xPortSysTickHandler) for xPortSysTickHandler
    startup_stm32f10x_hd.o(RESET) refers to inv_mems_drv_hook.o(i.EXTI4_IRQHandler) for EXTI4_IRQHandler
    startup_stm32f10x_hd.o(RESET) refers to bsp_can.o(i.USB_LP_CAN1_RX0_IRQHandler) for USB_LP_CAN1_RX0_IRQHandler
    startup_stm32f10x_hd.o(RESET) refers to bsp_usart.o(i.USART1_IRQHandler) for USART1_IRQHandler
    startup_stm32f10x_hd.o(RESET) refers to bsp_usart.o(i.USART2_IRQHandler) for USART2_IRQHandler
    startup_stm32f10x_hd.o(RESET) refers to bsp_usart.o(i.USART3_IRQHandler) for USART3_IRQHandler
    startup_stm32f10x_hd.o(RESET) refers to bsp_timer.o(i.TIM7_IRQHandler) for TIM7_IRQHandler
    startup_stm32f10x_hd.o(.text) refers to system_stm32f10x.o(i.SystemInit) for SystemInit
    startup_stm32f10x_hd.o(.text) refers to entry.o(.ARM.Collect$$$$00000000) for __main
    system_stm32f10x.o(i.SetSysClock) refers to system_stm32f10x.o(i.SetSysClockTo72) for SetSysClockTo72
    system_stm32f10x.o(i.SystemCoreClockUpdate) refers to system_stm32f10x.o(.data) for .data
    system_stm32f10x.o(i.SystemInit) refers to system_stm32f10x.o(i.SetSysClock) for SetSysClock
    main.o(i.main) refers to system_stm32f10x.o(i.SystemInit) for SystemInit
    main.o(i.main) refers to bsp.o(i.Bsp_Init) for Bsp_Init
    main.o(i.main) refers to printfa.o(i.__0printf) for __2printf
    main.o(i.main) refers to app.o(i.App_Init) for App_Init
    main.o(i.main) refers to bsp.o(i.delay_ms) for delay_ms
    main.o(i.main) refers to app.o(i.App_Start_FreeRTOS) for App_Start_FreeRTOS
    protocol.o(i.Clear_CMD_Flag) refers to protocol.o(.data) for .data
    protocol.o(i.Clear_CMD_Flag) refers to protocol.o(.bss) for .bss
    protocol.o(i.Clear_RxBuffer) refers to protocol.o(.bss) for .bss
    protocol.o(i.Get_CMD_Flag) refers to protocol.o(.data) for .data
    protocol.o(i.Get_CMD_Length) refers to protocol.o(.data) for .data
    protocol.o(i.Get_Request_Flag) refers to protocol.o(.data) for .data
    protocol.o(i.Get_RxBuffer) refers to protocol.o(.bss) for .bss
    protocol.o(i.Request_Data) refers to app_uart_servo.o(i.UartServo_Clear_Flag) for UartServo_Clear_Flag
    protocol.o(i.Request_Data) refers to app_uart_servo.o(i.UartServo_Set_Read_State) for UartServo_Set_Read_State
    protocol.o(i.Request_Data) refers to app_uart_servo.o(i.UartServo_Get_Angle) for UartServo_Get_Angle
    protocol.o(i.Request_Data) refers to app_uart_servo.o(i.UartServo_Clear_Arm_Read_Vlaue) for UartServo_Clear_Arm_Read_Vlaue
    protocol.o(i.Request_Data) refers to protocol.o(.data) for .data
    protocol.o(i.Send_Request_Data) refers to app_uart_servo.o(i.UartServo_Get_Read_State) for UartServo_Get_Read_State
    protocol.o(i.Send_Request_Data) refers to app_uart_servo.o(i.UartServo_Send_Offset_State) for UartServo_Send_Offset_State
    protocol.o(i.Send_Request_Data) refers to app.o(i.App_Send_Version) for App_Send_Version
    protocol.o(i.Send_Request_Data) refers to app_motion.o(i.Motion_Send_Data) for Motion_Send_Data
    protocol.o(i.Send_Request_Data) refers to app_uart_servo.o(i.UartServo_Rx_Parse) for UartServo_Rx_Parse
    protocol.o(i.Send_Request_Data) refers to app_uart_servo.o(i.UartServo_Send_ARM_Angle_Array) for UartServo_Send_ARM_Angle_Array
    protocol.o(i.Send_Request_Data) refers to app_uart_servo.o(i.UartServo_Get_Angle) for UartServo_Get_Angle
    protocol.o(i.Send_Request_Data) refers to app_pid.o(i.PID_Send_Parm_Active) for PID_Send_Parm_Active
    protocol.o(i.Send_Request_Data) refers to app_ackerman.o(i.Ackerman_Send_Default_Angle) for Ackerman_Send_Default_Angle
    protocol.o(i.Send_Request_Data) refers to app_motion.o(i.Motion_Send_Car_Type) for Motion_Send_Car_Type
    protocol.o(i.Send_Request_Data) refers to protocol.o(.data) for .data
    protocol.o(i.Upper_CAN_Execute_Command) refers to app_uart_servo.o(i.UartServo_Set_Torque) for UartServo_Set_Torque
    protocol.o(i.Upper_CAN_Execute_Command) refers to protocol.o(i.Request_Data) for Request_Data
    protocol.o(i.Upper_CAN_Execute_Command) refers to app.o(i.App_Clear_Yaw) for App_Clear_Yaw
    protocol.o(i.Upper_CAN_Execute_Command) refers to app.o(i.Set_Auto_Report) for Set_Auto_Report
    protocol.o(i.Upper_CAN_Execute_Command) refers to app_flash.o(i.Flash_Set_Auto_Report) for Flash_Set_Auto_Report
    protocol.o(i.Upper_CAN_Execute_Command) refers to bsp_beep.o(i.Beep_On_Time) for Beep_On_Time
[...]
    0x080019fc   0x080019fc   0x0000000c   Code   RO         1477    i.Bsp_Get_Imu_Type  bsp.o
    0x08001a08   0x08001a08   0x0000000c   Code   RO         1478    i.Bsp_Get_TestMode  bsp.o
    0x08001a14   0x08001a14   0x000000fc   Code   RO         1480    i.Bsp_Init          bsp.o
    0x08001b10   0x08001b10   0x00000028   Code   RO         1481    i.Bsp_JTAG_Set      bsp.o
    0x08001b38   0x08001b38   0x00000064   Code   RO         1482    i.Bsp_Led_Show_Low_Battery  bsp.o
    0x08001b9c   0x08001b9c   0x00000074   Code   RO         1483    i.Bsp_Led_Show_Overvoltage_Battery  bsp.o
    0x08001c10   0x08001c10   0x0000004c   Code   RO         1484    i.Bsp_Led_Show_State  bsp.o
    0x08001c5c   0x08001c5c   0x00000024   Code   RO         1485    i.Bsp_Long_Beep_Alarm  bsp.o
    0x08001c80   0x08001c80   0x0000004c   Code   RO         1486    i.Bsp_MPU_Scanf     bsp.o
    0x08001ccc   0x08001ccc   0x00000038   Code   RO         1487    i.Bsp_Reset_MCU     bsp.o
    0x08001d04   0x08001d04   0x0000004c   Code   RO         1488    i.Bsp_Send_Version  bsp.o
    0x08001d50   0x08001d50   0x00000014   Code   RO         1489    i.Bsp_Set_TestMode  bsp.o
    0x08001d64   0x08001d64   0x00000068   Code   RO         1490    i.Bsp_imu_init      bsp.o
    0x08001dcc   0x08001dcc   0x00000058   Code   RO         2459    i.CAN_Config_Init   bsp_can.o
    0x08001e24   0x08001e24   0x00000038   Code   RO         3150    i.CAN_DeInit        stm32f10x_can.o
    0x08001e5c   0x08001e5c   0x000000d4   Code   RO         3152    i.CAN_FilterInit    stm32f10x_can.o
    0x08001f30   0x08001f30   0x00000032   Code   RO         2460    i.CAN_Filter_Init   bsp_can.o
    0x08001f62   0x08001f62   0x00000002   PAD
    0x08001f64   0x08001f64   0x00000060   Code   RO         2461    i.CAN_GPIO_Init     bsp_can.o
    0x08001fc4   0x08001fc4   0x00000024   Code   RO         2462    i.CAN_Get_Prescaler  bsp_can.o
    0x08001fe8   0x08001fe8   0x00000014   Code   RO         3158    i.CAN_ITConfig      stm32f10x_can.o
    0x08001ffc   0x08001ffc   0x00000104   Code   RO         3159    i.CAN_Init          stm32f10x_can.o
    0x08002100   0x08002100   0x0000001c   Code   RO         3160    i.CAN_MessagePending  stm32f10x_can.o
    0x0800211c   0x0800211c   0x00000030   Code   RO         2463    i.CAN_NVIC_Init     bsp_can.o
    0x0800214c   0x0800214c   0x00000048   Code   RO         2464    i.CAN_Parse_Data    bsp_can.o
    0x08002194   0x08002194   0x00000018   Code   RO         2465    i.CAN_RX_Beep       bsp_can.o
    0x080021ac   0x080021ac   0x00000082   Code   RO         3162    i.CAN_Receive       stm32f10x_can.o
    0x0800222e   0x0800222e   0x00000002   PAD
    0x08002230   0x08002230   0x00000070   Code   RO         2466    i.CAN_Receive_Data  bsp_can.o
    0x080022a0   0x080022a0   0x00000020   Code   RO         3165    i.CAN_StructInit    stm32f10x_can.o
    0x080022c0   0x080022c0   0x00000028   Code   RO          223    i.Clear_CMD_Flag    protocol.o
    0x080022e8   0x080022e8   0x00000018   Code   RO         3547    i.DMA_ClearFlag     stm32f10x_dma.o
    0x08002300   0x08002300   0x0000001a   Code   RO         3549    i.DMA_Cmd           stm32f10x_dma.o
    0x0800231a   0x0800231a   0x00000002   PAD
    0x0800231c   0x0800231c   0x000000f8   Code   RO         3550    i.DMA_DeInit        stm32f10x_dma.o
    0x08002414   0x08002414   0x00000006   Code   RO         3551    i.DMA_GetCurrDataCounter  stm32f10x_dma.o
    0x0800241a   0x0800241a   0x00000002   PAD
    0x0800241c   0x0800241c   0x00000024   Code   RO         3552    i.DMA_GetFlagStatus  stm32f10x_dma.o
    0x08002440   0x08002440   0x0000003a   Code   RO         3555    i.DMA_Init          stm32f10x_dma.o
    0x0800247a   0x0800247a   0x00000004   Code   RO         3556    i.DMA_SetCurrDataCounter  stm32f10x_dma.o
    0x0800247e   0x0800247e   0x00000020   Code   RO         1947    i.Delay_For_Pin     bsp_io_i2c.o
    0x0800249e   0x0800249e   0x00000020   Code   RO         2718    i.Delay_For_Pin     bsp_mpuiic.o
    0x080024be   0x080024be   0x00000002   PAD
    0x080024c0   0x080024c0   0x0000003c   Code   RO         7001    i.DividerRateSet    inv_mems_base_control.o
    0x080024fc   0x080024fc   0x0000001c   Code   RO         7470    i.EXTI4_IRQHandler  inv_mems_drv_hook.o
    0x08002518   0x08002518   0x0000000c   Code   RO         3620    i.EXTI_ClearITPendingBit  stm32f10x_exti.o
    0x08002524   0x08002524   0x00000020   Code   RO         3624    i.EXTI_GetITStatus  stm32f10x_exti.o
    0x08002544   0x08002544   0x00000074   Code   RO         3625    i.EXTI_Init         stm32f10x_exti.o
    0x080025b8   0x080025b8   0x00000018   Code   RO         2158    i.Encoder_Get_ALL   bsp_encoder.o
    0x080025d0   0x080025d0   0x00000016   Code   RO         2160    i.Encoder_Init      bsp_encoder.o
    0x080025e6   0x080025e6   0x00000002   PAD
    0x080025e8   0x080025e8   0x000000d8   Code   RO         2161    i.Encoder_Init_TIM2  bsp_encoder.o
    0x080026c0   0x080026c0   0x000000c4   Code   RO         2162    i.Encoder_Init_TIM3  bsp_encoder.o
    0x08002784   0x08002784   0x000000c4   Code   RO         2163    i.Encoder_Init_TIM4  bsp_encoder.o
    0x08002848   0x08002848   0x000000c4   Code   RO         2164    i.Encoder_Init_TIM5  bsp_encoder.o
    0x0800290c   0x0800290c   0x00000058   Code   RO         2165    i.Encoder_Read_CNT  bsp_encoder.o
    0x08002964   0x08002964   0x000000b0   Code   RO         2166    i.Encoder_Send_Count_Now  bsp_encoder.o
    0x08002a14   0x08002a14   0x00000074   Code   RO         2167    i.Encoder_Update_Count  bsp_encoder.o
    0x08002a88   0x08002a88   0x00000020   Code   RO         1024    i.Flash_AKM_Angle_Init  app_flash.o
    0x08002aa8   0x08002aa8   0x00000058   Code   RO         1025    i.Flash_ARM_Mid_Offset_Init  app_flash.o
    0x08002b00   0x08002b00   0x00000018   Code   RO         1026    i.Flash_Auto_Report_Init  app_flash.o
    0x08002b18   0x08002b18   0x00000010   Code   RO         1027    i.Flash_CarType_Init  app_flash.o
    0x08002b28   0x08002b28   0x00000040   Code   RO         1730    i.Flash_ErasePage   bsp_flash.o
    0x08002b68   0x08002b68   0x00000024   Code   RO         1731    i.Flash_GetStatus   bsp_flash.o
    0x08002b8c   0x08002b8c   0x0000002a   Code   RO         1028    i.Flash_Init        app_flash.o
    0x08002bb6   0x08002bb6   0x00000002   PAD
    0x08002bb8   0x08002bb8   0x00000010   Code   RO         1732    i.Flash_Lock        bsp_flash.o
    0x08002bc8   0x08002bc8   0x000000fc   Code   RO         1029    i.Flash_PID_Init    app_flash.o
    0x08002cc4   0x08002cc4   0x00000026   Code   RO         1733    i.Flash_Read        bsp_flash.o
    0x08002cea   0x08002cea   0x00000004   Code   RO         1734    i.Flash_ReadHalfWord  bsp_flash.o
    0x08002cee   0x08002cee   0x00000002   PAD
    0x08002cf0   0x08002cf0   0x0000003c   Code   RO         1030    i.Flash_Read_AKM_Angle  app_flash.o
    0x08002d2c   0x08002d2c   0x00000054   Code   RO         1031    i.Flash_Read_ARM_Median_Value  app_flash.o
    0x08002d80   0x08002d80   0x0000003c   Code   RO         1032    i.Flash_Read_Auto_Report  app_flash.o
    0x08002dbc   0x08002dbc   0x0000003c   Code   RO         1033    i.Flash_Read_CarType  app_flash.o
    0x08002df8   0x08002df8   0x0000006c   Code   RO         1034    i.Flash_Read_PID    app_flash.o
    0x08002e64   0x08002e64   0x00000040   Code   RO         1035    i.Flash_Read_Reset_State  app_flash.o
    0x08002ea4   0x08002ea4   0x0000006c   Code   RO         1037    i.Flash_Read_Yaw_PID  app_flash.o
    0x08002f10   0x08002f10   0x0000003c   Code   RO         1038    i.Flash_Reset_ARM_Median_Value  app_flash.o
    0x08002f4c   0x08002f4c   0x0000005c   Code   RO         1039    i.Flash_Reset_All_Value  app_flash.o
    0x08002fa8   0x08002fa8   0x00000020   Code   RO         1040    i.Flash_Set_AKM_Angle  app_flash.o
    0x08002fc8   0x08002fc8   0x0000002c   Code   RO         1041    i.Flash_Set_ARM_Median_Value  app_flash.o
    0x08002ff4   0x08002ff4   0x00000028   Code   RO         1042    i.Flash_Set_Auto_Report  app_flash.o
    0x0800301c   0x0800301c   0x00000020   Code   RO         1043    i.Flash_Set_CarType  app_flash.o
    0x0800303c   0x0800303c   0x00000058   Code   RO         1044    i.Flash_Set_PID     app_flash.o
    0x08003094   0x08003094   0x00000014   Code   RO         1045    i.Flash_Set_TestMode  app_flash.o
    0x080030a8   0x080030a8   0x0000004c   Code   RO         1046    i.Flash_Set_Yaw_PID  app_flash.o
    0x080030f4   0x080030f4   0x00000018   Code   RO         1735    i.Flash_Unlock      bsp_flash.o
    0x0800310c   0x0800310c   0x00000026   Code   RO         1736    i.Flash_WaitDone    bsp_flash.o
    0x08003132   0x08003132   0x00000002   PAD
    0x08003134   0x08003134   0x000000c4   Code   RO         1737    i.Flash_Write       bsp_flash.o
    0x080031f8   0x080031f8   0x00000034   Code   RO         1738    i.Flash_WriteHalfWord  bsp_flash.o
    0x0800322c   0x0800322c   0x00000026   Code   RO         1739    i.Flash_Write_NoCheck  bsp_flash.o
    0x08003252   0x08003252   0x00000002   PAD
    0x08003254   0x08003254   0x000000c8   Code   RO         1416    i.Fourwheel_Ctrl    app_fourwheel.o
    0x0800331c   0x0800331c   0x000000e0   Code   RO         1417    i.Fourwheel_State   app_fourwheel.o
    0x080033fc   0x080033fc   0x0000007c   Code   RO         1418    i.Fourwheel_Yaw_Calc  app_fourwheel.o
    0x08003478   0x08003478   0x00000028   Code   RO         3976    i.GPIO_EXTILineConfig  stm32f10x_gpio.o
    0x080034a0   0x080034a0   0x00000070   Code   RO         6755    i.GPIO_INT_Config   icm20948.o
    0x08003510   0x08003510   0x000000a6   Code   RO         3979    i.GPIO_Init         stm32f10x_gpio.o
    0x080035b6   0x080035b6   0x00000002   PAD
    0x080035b8   0x080035b8   0x0000005c   Code   RO         3981    i.GPIO_PinRemapConfig  stm32f10x_gpio.o
    0x08003614   0x08003614   0x0000000e   Code   RO         3983    i.GPIO_ReadInputDataBit  stm32f10x_gpio.o
    0x08003622   0x08003622   0x00000004   Code   RO         3986    i.GPIO_ResetBits    stm32f10x_gpio.o
    0x08003626   0x08003626   0x00000004   Code   RO         3987    i.GPIO_SetBits      stm32f10x_gpio.o
    0x0800362a   0x0800362a   0x00000002   PAD
    0x0800362c   0x0800362c   0x0000000c   Code   RO          225    i.Get_CMD_Flag      protocol.o
    0x08003638   0x08003638   0x0000000c   Code   RO          226    i.Get_CMD_Length    protocol.o
    0x08003644   0x08003644   0x0000000c   Code   RO          227    i.Get_Request_Flag  protocol.o
    0x08003650   0x08003650   0x00000008   Code   RO          228    i.Get_RxBuffer      protocol.o
    0x08003658   0x08003658   0x0000000c   Code   RO         6757    i.ICM20948_Get_Data  icm20948.o
    0x08003664   0x08003664   0x0000000c   Code   RO         6758    i.ICM20948_Get_Init_State  icm20948.o
    0x08003670   0x08003670   0x0000000c   Code   RO         6762    i.ICM20948_Get_Yaw_Now  icm20948.o
    0x0800367c   0x0800367c   0x00000034   Code   RO         6763    i.ICM20948_Read_Data_Handle  icm20948.o
    0x080036b0   0x080036b0   0x00000094   Code   RO         6764    i.ICM20948_Send_Attitude_Data  icm20948.o
    0x08003744   0x08003744   0x0000011c   Code   RO         6765    i.ICM20948_Send_Raw_Data  icm20948.o
    0x08003860   0x08003860   0x000002bc   Code   RO         6766    i.ICM_20948_Init    icm20948.o
    0x08003b1c   0x08003b1c   0x00000028   Code   RO         1950    i.IIC_Init          bsp_io_i2c.o
    0x08003b44   0x08003b44   0x00000060   Code   RO         1953    i.IIC_Send_Byte     bsp_io_i2c.o
    0x08003ba4   0x08003ba4   0x00000058   Code   RO         1954    i.IIC_Start         bsp_io_i2c.o
    0x08003bfc   0x08003bfc   0x00000040   Code   RO         1955    i.IIC_Stop          bsp_io_i2c.o
    0x08003c3c   0x08003c3c   0x00000060   Code   RO         1956    i.IIC_Wait_Ack      bsp_io_i2c.o
    0x08003c9c   0x08003c9c   0x00000034   Code   RO         2120    i.Key1_Long_Press   bsp_key.o
    0x08003cd0   0x08003cd0   0x00000038   Code   RO         2121    i.Key1_State        bsp_key.o
    0x08003d08   0x08003d08   0x00000018   Code   RO         2122    i.Key1_is_Press     bsp_key.o
    0x08003d20   0x08003d20   0x00000024   Code   RO         2123    i.Key_GPIO_Init     bsp_key.o
    0x08003d44   0x08003d44   0x00000038   Code   RO         1491    i.LED_GPIO_Init     bsp.o
    0x08003d7c   0x08003d7c   0x00000038   Code   RO         1492    i.LED_SW_GPIO_Init  bsp.o
    0x08003db4   0x08003db4   0x00000060   Code   RO         2072    i.MOTOR_GPIO_Init   bsp_motor.o
    0x08003e14   0x08003e14   0x0000008c   Code   RO         2588    i.MPU9250_Init      bsp_mpu9250.o
    0x08003ea0   0x08003ea0   0x00000078   Code   RO         2589    i.MPU9250_Read_Data_Handle  bsp_mpu9250.o
    0x08003f18   0x08003f18   0x000000bc   Code   RO         2590    i.MPU9250_Send_Attitude_Data  bsp_mpu9250.o
    0x08003fd4   0x08003fd4   0x000000bc   Code   RO         2591    i.MPU9250_Send_Raw_Data  bsp_mpu9250.o
    0x08004090   0x08004090   0x00000038   Code   RO         2592    i.MPU_ADDR_CTRL     bsp_mpu9250.o
    0x080040c8   0x080040c8   0x000000f8   Code   RO         2593    i.MPU_Basic_Init    bsp_mpu9250.o
    0x080041c0   0x080041c0   0x0000001e   Code   RO         2594    i.MPU_Delay_ms      bsp_mpu9250.o
    0x080041de   0x080041de   0x00000040   Code   RO         2595    i.MPU_Get_Accelerometer  bsp_mpu9250.o
    0x0800421e   0x0800421e   0x00000002   PAD
    0x08004220   0x08004220   0x000000a0   Code   RO         2596    i.MPU_Get_Gyroscope  bsp_mpu9250.o
    0x080042c0   0x080042c0   0x0000004c   Code   RO         2597    i.MPU_Get_Magnetometer  bsp_mpu9250.o
    0x0800430c   0x0800430c   0x0000000c   Code   RO         2598    i.MPU_Get_Pitch_Now  bsp_mpu9250.o
    0x08004318   0x08004318   0x0000000c   Code   RO         2599    i.MPU_Get_Roll_Now  bsp_mpu9250.o
    0x08004324   0x08004324   0x0000000c   Code   RO         2600    i.MPU_Get_Yaw_Now   bsp_mpu9250.o
    0x08004330   0x08004330   0x00000038   Code   RO         2719    i.MPU_IIC_Ack       bsp_mpuiic.o
    0x08004368   0x08004368   0x00000038   Code   RO         2720    i.MPU_IIC_Init      bsp_mpuiic.o
    0x080043a0   0x080043a0   0x00000038   Code   RO         2721    i.MPU_IIC_NAck      bsp_mpuiic.o
    0x080043d8   0x080043d8   0x0000006c   Code   RO         2722    i.MPU_IIC_Read_Byte  bsp_mpuiic.o
    0x08004444   0x08004444   0x00000060   Code   RO         2723    i.MPU_IIC_Send_Byte  bsp_mpuiic.o
    0x080044a4   0x080044a4   0x00000038   Code   RO         2724    i.MPU_IIC_Start     bsp_mpuiic.o
    0x080044dc   0x080044dc   0x0000003c   Code   RO         2725    i.MPU_IIC_Stop      bsp_mpuiic.o
    0x08004518   0x08004518   0x00000058   Code   RO         2726    i.MPU_IIC_Wait_Ack  bsp_mpuiic.o
    0x08004570   0x08004570   0x00000044   Code   RO         2727    i.MPU_Read_Byte     bsp_mpuiic.o
    0x080045b4   0x080045b4   0x00000070   Code   RO         2728    i.MPU_Read_Len      bsp_mpuiic.o
    0x08004624   0x08004624   0x0000000c   Code   RO         2602    i.MPU_Set_Accel_Fsr  bsp_mpu9250.o
    0x08004630   0x08004630   0x0000000c   Code   RO         2603    i.MPU_Set_Gyro_Fsr  bsp_mpu9250.o
    0x0800463c   0x0800463c   0x00000032   Code   RO         2604    i.MPU_Set_LPF       bsp_mpu9250.o
    0x0800466e   0x0800466e   0x0000002e   Code   RO         2605    i.MPU_Set_Rate      bsp_mpu9250.o
    0x0800469c   0x0800469c   0x00000048   Code   RO         2730    i.MPU_Write_Byte    bsp_mpuiic.o
    0x080046e4   0x080046e4   0x00000010   Code   RO         1386    i.Math_Limit_int    app_math.o
    0x080046f4   0x080046f4   0x00000154   Code   RO         1192    i.Mecanum_Ctrl      app_mecanum.o
    0x08004848   0x08004848   0x000000c8   Code   RO         1193    i.Mecanum_State     app_mecanum.o
    0x08004910   0x08004910   0x000000c0   Code   RO         1194    i.Mecanum_Yaw_Calc  app_mecanum.o
    0x080049d0   0x080049d0   0x00000034   Code   RO         7002    i.MinDelayGenActual  inv_mems_base_control.o
    0x08004a04   0x08004a04   0x00000060   Code   RO          786    i.Motion_Ctrl       app_motion.o
    0x08004a64   0x08004a64   0x00000054   Code   RO          787    i.Motion_Ctrl_State  app_motion.o
    0x08004ab8   0x08004ab8   0x00000048   Code   RO          788    i.Motion_Get_APB    app_motion.o
    0x08004b00   0x08004b00   0x0000000c   Code   RO          789    i.Motion_Get_Car_Type  app_motion.o
    0x08004b0c   0x08004b0c   0x00000038   Code   RO          790    i.Motion_Get_Circle_MM  app_motion.o
    0x08004b44   0x08004b44   0x00000038   Code   RO          791    i.Motion_Get_Circle_Pulse  app_motion.o
    0x08004b7c   0x08004b7c   0x00000034   Code   RO          793    i.Motion_Get_Encoder  app_motion.o
    0x08004bb0   0x08004bb0   0x00000018   Code   RO          794    i.Motion_Get_Motor_Speed  app_motion.o
    0x08004bc8   0x08004bc8   0x0000029c   Code   RO          795    i.Motion_Get_Speed  app_motion.o
    0x08004e64   0x08004e64   0x00000050   Code   RO          797    i.Motion_Handle     app_motion.o
    0x08004eb4   0x08004eb4   0x00000054   Code   RO          798    i.Motion_Send_Car_Type  app_motion.o
    0x08004f08   0x08004f08   0x00000074   Code   RO          799    i.Motion_Send_Data  app_motion.o
    0x08004f7c   0x08004f7c   0x0000002c   Code   RO          800    i.Motion_Set_Car_Type  app_motion.o
    0x08004fa8   0x08004fa8   0x00000058   Code   RO          801    i.Motion_Set_Pwm    app_motion.o
    0x08005000   0x08005000   0x0000003c   Code   RO          802    i.Motion_Set_Speed  app_motion.o
    0x0800503c   0x0800503c   0x00000044   Code   RO          803    i.Motion_Set_Yaw_Adjust  app_motion.o
    0x08005080   0x08005080   0x0000002c   Code   RO          804    i.Motion_Stop       app_motion.o
    0x080050ac   0x080050ac   0x00000024   Code   RO          805    i.Motion_Yaw_Calc   app_motion.o
    0x080050d0   0x080050d0   0x0000003e   Code   RO         2074    i.Motor_Ignore_Dead_Zone  bsp_motor.o
    0x0800510e   0x0800510e   0x00000002   PAD
    0x08005110   0x08005110   0x000000f8   Code   RO         2075    i.Motor_PWM_Init    bsp_motor.o
    0x08005208   0x08005208   0x000000a0   Code   RO         2076    i.Motor_Set_Pwm     bsp_motor.o
    0x080052a8   0x080052a8   0x00000068   Code   RO         2077    i.Motor_Stop        bsp_motor.o
    0x08005310   0x08005310   0x00000064   Code   RO         2807    i.NVIC_Init         misc.o
    0x08005374   0x08005374   0x00000014   Code   RO         2808    i.NVIC_PriorityGroupConfig  misc.o
    0x08005388   0x08005388   0x00000006   Code   RO          639    i.OLED_Clear        app_oled.o
    0x0800538e   0x0800538e   0x0000001e   Code   RO          640    i.OLED_Draw_Line    app_oled.o
    0x080053ac   0x080053ac   0x0000003c   Code   RO          641    i.OLED_Draw_String  app_oled.o
    0x080053e8   0x080053e8   0x00000004   Code   RO          642    i.OLED_Refresh      app_oled.o
    0x080053ec   0x080053ec   0x00000138   Code   RO          643    i.OLED_Show_CarType  app_oled.o
    0x08005524   0x08005524   0x00000080   Code   RO          644    i.OLED_Show_Error   app_oled.o
    0x080055a4   0x080055a4   0x0000009c   Code   RO          646    i.OLED_Show_Motor_Speed  app_oled.o
    0x08005640   0x08005640   0x00000058   Code   RO          647    i.OLED_Show_Test_Mode  app_oled.o
    0x08005698   0x08005698   0x00000028   Code   RO          648    i.OLED_Show_Test_Mode_Error  app_oled.o
    0x080056c0   0x080056c0   0x00000050   Code   RO          649    i.OLED_Show_UART_Servo_Read  app_oled.o
    0x08005710   0x08005710   0x00000040   Code   RO          650    i.OLED_Show_Voltage  app_oled.o
    0x08005750   0x08005750   0x00000060   Code   RO          651    i.OLED_Show_Waiting  app_oled.o
    0x080057b0   0x080057b0   0x00000040   Code   RO          652    i.OLED_Show_YAW     app_oled.o
    0x080057f0   0x080057f0   0x0000002c   Code   RO          918    i.PID_Calc_Motor    app_pid.o
    0x0800581c   0x0800581c   0x00000044   Code   RO          920    i.PID_Clear_Motor   app_pid.o
    0x08005860   0x08005860   0x000000a8   Code   RO          922    i.PID_Incre_Calc    app_pid.o
    0x08005908   0x08005908   0x00000058   Code   RO          924    i.PID_Param_Init    app_pid.o
    0x08005960   0x08005960   0x000000f8   Code   RO          925    i.PID_Send_Parm_Active  app_pid.o
    0x08005a58   0x08005a58   0x0000003c   Code   RO          926    i.PID_Set_Motor_Parm  app_pid.o
    0x08005a94   0x08005a94   0x0000002c   Code   RO          927    i.PID_Set_Motor_Target  app_pid.o
    0x08005ac0   0x08005ac0   0x0000009c   Code   RO          930    i.PID_Yaw_Calc      app_pid.o
    0x08005b5c   0x08005b5c   0x00000014   Code   RO          931    i.PID_Yaw_Reset     app_pid.o
    0x08005b70   0x08005b70   0x00000010   Code   RO          932    i.PID_Yaw_Set_Parm  app_pid.o
    0x08005b80   0x08005b80   0x00000068   Code   RO         2223    i.PwmServo_Handle   bsp_pwmservo.o
    0x08005be8   0x08005be8   0x000000c8   Code   RO         2224    i.PwmServo_Init     bsp_pwmservo.o
    0x08005cb0   0x08005cb0   0x0000002c   Code   RO         2225    i.PwmServo_Set_Angle  bsp_pwmservo.o
    0x08005cdc   0x08005cdc   0x00000070   Code   RO         2226    i.PwmServo_Set_Angle_All  bsp_pwmservo.o
    0x08005d4c   0x08005d4c   0x00000014   Code   RO         4396    i.RCC_ADCCLKConfig  stm32f10x_rcc.o
    0x08005d60   0x08005d60   0x0000001c   Code   RO         4397    i.RCC_AHBPeriphClockCmd  stm32f10x_rcc.o
    0x08005d7c   0x08005d7c   0x0000001c   Code   RO         4398    i.RCC_APB1PeriphClockCmd  stm32f10x_rcc.o
    0x08005d98   0x08005d98   0x0000001c   Code   RO         4399    i.RCC_APB1PeriphResetCmd  stm32f10x_rcc.o
    0x08005db4   0x08005db4   0x0000001c   Code   RO         4400    i.RCC_APB2PeriphClockCmd  stm32f10x_rcc.o
    0x08005dd0   0x08005dd0   0x0000001c   Code   RO         4401    i.RCC_APB2PeriphResetCmd  stm32f10x_rcc.o
    0x08005dec   0x08005dec   0x000000ac   Code   RO         4408    i.RCC_GetClocksFreq  stm32f10x_rcc.o
    0x08005e98   0x08005e98   0x00000018   Code   RO         2529    i.RGB_Clear         bsp_rgb.o
    0x08005eb0   0x08005eb0   0x00000050   Code   RO         2530    i.RGB_DMA_Init      bsp_rgb.o
    0x08005f00   0x08005f00   0x0000000e   Code   RO         2531    i.RGB_Driver_Init   bsp_rgb.o
    0x08005f0e   0x08005f0e   0x00000002   PAD
    0x08005f10   0x08005f10   0x00000034   Code   RO         2532    i.RGB_GPIO_Init     bsp_rgb.o
    0x08005f44   0x08005f44   0x0000000e   Code   RO         2533    i.RGB_Init          bsp_rgb.o
    0x08005f52   0x08005f52   0x00000002   PAD
    0x08005f54   0x08005f54   0x0000002c   Code   RO         2534    i.RGB_Set_Color     bsp_rgb.o
    0x08005f80   0x08005f80   0x00000024   Code   RO         2535    i.RGB_Set_Color_U32  bsp_rgb.o
    0x08005fa4   0x08005fa4   0x00000070   Code   RO         2536    i.RGB_Spi_Init      bsp_rgb.o
    0x08006014   0x08006014   0x00000080   Code   RO         2537    i.RGB_Update        bsp_rgb.o
    0x08006094   0x08006094   0x0000006c   Code   RO          229    i.Request_Data      protocol.o
    0x08006100   0x08006100   0x000001f8   Code   RO         1163    i.SBUS_Handle       app_sbus.o
    0x080062f8   0x080062f8   0x000000b8   Code   RO         1164    i.SBUS_Parse_Data   app_sbus.o
    0x080063b0   0x080063b0   0x00000060   Code   RO         1165    i.SBUS_Reveive      app_sbus.o
    0x08006410   0x08006410   0x00000060   Code   RO         2401    i.SPI2_Init         bsp_spi.o
    0x08006470   0x08006470   0x0000005c   Code   RO         2402    i.SPI2_ReadWriteByte  bsp_spi.o
    0x080064cc   0x080064cc   0x00000018   Code   RO         4882    i.SPI_CalculateCRC  stm32f10x_spi.o
    0x080064e4   0x080064e4   0x00000018   Code   RO         4883    i.SPI_Cmd           stm32f10x_spi.o
    0x080064fc   0x080064fc   0x00000014   Code   RO         4889    i.SPI_I2S_DMACmd    stm32f10x_spi.o
    0x08006510   0x08006510   0x0000000e   Code   RO         4891    i.SPI_I2S_GetFlagStatus  stm32f10x_spi.o
    0x0800651e   0x0800651e   0x00000004   Code   RO         4894    i.SPI_I2S_ReceiveData  stm32f10x_spi.o
    0x08006522   0x08006522   0x00000004   Code   RO         4895    i.SPI_I2S_SendData  stm32f10x_spi.o
    0x08006526   0x08006526   0x00000038   Code   RO         4896    i.SPI_Init          stm32f10x_spi.o
    0x0800655e   0x0800655e   0x00000002   PAD
    0x08006560   0x08006560   0x00000044   Code   RO         2283    i.SSD1306_DrawPixel  bsp_ssd1306.o
    0x080065a4   0x080065a4   0x00000018   Code   RO         2286    i.SSD1306_Fill      bsp_ssd1306.o
    0x080065bc   0x080065bc   0x0000000c   Code   RO         2287    i.SSD1306_GotoXY    bsp_ssd1306.o
    0x080065c8   0x080065c8   0x00000144   Code   RO         2288    i.SSD1306_Init      bsp_ssd1306.o
    0x0800670c   0x0800670c   0x000000a8   Code   RO         2291    i.SSD1306_Putc      bsp_ssd1306.o
    0x080067b4   0x080067b4   0x00000028   Code   RO         2292    i.SSD1306_Puts      bsp_ssd1306.o
    0x080067dc   0x080067dc   0x00000044   Code   RO         2294    i.SSD1306_UpdateScreen  bsp_ssd1306.o
    0x08006820   0x08006820   0x00000018   Code   RO         7003    i.SampleRateDividerGet  inv_mems_base_control.o
    0x08006838   0x08006838   0x00000108   Code   RO          230    i.Send_Request_Data  protocol.o
    0x08006940   0x08006940   0x00000004   Code   RO           24    i.SetSysClock       system_stm32f10x.o
    0x08006944   0x08006944   0x000000b0   Code   RO           25    i.SetSysClockTo72   system_stm32f10x.o
    0x080069f4   0x080069f4   0x00000018   Code   RO          341    i.Set_Auto_Report   app.o
    0x08006a0c   0x08006a0c   0x00000068   Code   RO         2403    i.Spi_gpio_init     bsp_spi.o
    0x08006a74   0x08006a74   0x0000001c   Code   RO         2811    i.SysTick_CLKSourceConfig  misc.o
    0x08006a90   0x08006a90   0x00000050   Code   RO           27    i.SystemInit        system_stm32f10x.o
    0x08006ae0   0x08006ae0   0x0000000c   Code   RO          742    i.System_Enable     app_bat.o
    0x08006aec   0x08006aec   0x00000074   Code   RO         5022    i.TI1_Config        stm32f10x_tim.o
    0x08006b60   0x08006b60   0x0000007c   Code   RO         5023    i.TI2_Config        stm32f10x_tim.o
    0x08006bdc   0x08006bdc   0x00000078   Code   RO         5024    i.TI3_Config        stm32f10x_tim.o
    0x08006c54   0x08006c54   0x0000007c   Code   RO         5025    i.TI4_Config        stm32f10x_tim.o
    0x08006cd0   0x08006cd0   0x00000028   Code   RO         1796    i.TIM7_IRQHandler   bsp_timer.o
    0x08006cf8   0x08006cf8   0x0000005c   Code   RO         1797    i.TIM7_Init         bsp_timer.o
    0x08006d54   0x08006d54   0x00000006   Code   RO         5032    i.TIM_ClearFlag     stm32f10x_tim.o
    0x08006d5a   0x08006d5a   0x00000006   Code   RO         5033    i.TIM_ClearITPendingBit  stm32f10x_tim.o
    0x08006d60   0x08006d60   0x00000018   Code   RO         5038    i.TIM_Cmd           stm32f10x_tim.o
    0x08006d78   0x08006d78   0x0000001c   Code   RO         5040    i.TIM_CtrlPWMOutputs  stm32f10x_tim.o
    0x08006d94   0x08006d94   0x00000210   Code   RO         5043    i.TIM_DeInit        stm32f10x_tim.o
    0x08006fa4   0x08006fa4   0x00000032   Code   RO         5047    i.TIM_EncoderInterfaceConfig  stm32f10x_tim.o
    0x08006fd6   0x08006fd6   0x00000018   Code   RO         5059    i.TIM_GetITStatus   stm32f10x_tim.o
    0x08006fee   0x08006fee   0x00000002   PAD
    0x08006ff0   0x08006ff0   0x0000008c   Code   RO         5061    i.TIM_ICInit        stm32f10x_tim.o
    0x0800707c   0x0800707c   0x00000010   Code   RO         5062    i.TIM_ICStructInit  stm32f10x_tim.o
    0x0800708c   0x0800708c   0x00000014   Code   RO         5063    i.TIM_ITConfig      stm32f10x_tim.o
    0x080070a0   0x080070a0   0x00000088   Code   RO         5067    i.TIM_OC1Init       stm32f10x_tim.o
    0x08007128   0x08007128   0x00000088   Code   RO         5072    i.TIM_OC2Init       stm32f10x_tim.o
    0x080071b0   0x080071b0   0x00000084   Code   RO         5077    i.TIM_OC3Init       stm32f10x_tim.o
    0x08007234   0x08007234   0x00000068   Code   RO         5082    i.TIM_OC4Init       stm32f10x_tim.o
    0x0800729c   0x0800729c   0x00000014   Code   RO         5085    i.TIM_OCStructInit  stm32f10x_tim.o
    0x080072b0   0x080072b0   0x00000004   Code   RO         5099    i.TIM_SetCompare1   stm32f10x_tim.o
    0x080072b4   0x080072b4   0x00000004   Code   RO         5100    i.TIM_SetCompare2   stm32f10x_tim.o
    0x080072b8   0x080072b8   0x00000004   Code   RO         5101    i.TIM_SetCompare3   stm32f10x_tim.o
    0x080072bc   0x080072bc   0x00000006   Code   RO         5102    i.TIM_SetCompare4   stm32f10x_tim.o
    0x080072c2   0x080072c2   0x00000004   Code   RO         5103    i.TIM_SetCounter    stm32f10x_tim.o
    0x080072c6   0x080072c6   0x00000010   Code   RO         5104    i.TIM_SetIC1Prescaler  stm32f10x_tim.o
    0x080072d6   0x080072d6   0x00000018   Code   RO         5105    i.TIM_SetIC2Prescaler  stm32f10x_tim.o
    0x080072ee   0x080072ee   0x00000010   Code   RO         5106    i.TIM_SetIC3Prescaler  stm32f10x_tim.o
    0x080072fe   0x080072fe   0x00000018   Code   RO         5107    i.TIM_SetIC4Prescaler  stm32f10x_tim.o
    0x08007316   0x08007316   0x00000002   PAD
    0x08007318   0x08007318   0x0000009c   Code   RO         5109    i.TIM_TimeBaseInit  stm32f10x_tim.o
    0x080073b4   0x080073b4   0x00000012   Code   RO         5110    i.TIM_TimeBaseStructInit  stm32f10x_tim.o
    0x080073c6   0x080073c6   0x00000002   PAD
    0x080073c8   0x080073c8   0x0000005c   Code   RO         1819    i.USART1_DMA_Init   bsp_usart.o
    0x08007424   0x08007424   0x00000028   Code   RO         1820    i.USART1_IRQHandler  bsp_usart.o
    0x0800744c   0x0800744c   0x000000b4   Code   RO         1821    i.USART1_Init       bsp_usart.o
    0x08007500   0x08007500   0x00000050   Code   RO         1822    i.USART1_Send_ArrayU8  bsp_usart.o
    0x08007550   0x08007550   0x00000024   Code   RO         1825    i.USART2_IRQHandler  bsp_usart.o
    0x08007574   0x08007574   0x000000ac   Code   RO         1826    i.USART2_Init       bsp_usart.o
    0x08007620   0x08007620   0x00000028   Code   RO         1829    i.USART3_IRQHandler  bsp_usart.o
    0x08007648   0x08007648   0x000000b4   Code   RO         1830    i.USART3_Init       bsp_usart.o
    0x080076fc   0x080076fc   0x00000018   Code   RO         1831    i.USART3_Send_ArrayU8  bsp_usart.o
    0x08007714   0x08007714   0x00000024   Code   RO         1832    i.USART3_Send_U8    bsp_usart.o
    0x08007738   0x08007738   0x00000008   Code   RO         5570    i.USART_ClearFlag   stm32f10x_usart.o
    0x08007740   0x08007740   0x00000018   Code   RO         5574    i.USART_Cmd         stm32f10x_usart.o
    0x08007758   0x08007758   0x00000014   Code   RO         5575    i.USART_DMACmd      stm32f10x_usart.o
    0x0800776c   0x0800776c   0x0000000e   Code   RO         5577    i.USART_GetFlagStatus  stm32f10x_usart.o
    0x0800777a   0x0800777a   0x00000040   Code   RO         5578    i.USART_GetITStatus  stm32f10x_usart.o
    0x080077ba   0x080077ba   0x00000036   Code   RO         5580    i.USART_ITConfig    stm32f10x_usart.o
    0x080077f0   0x080077f0   0x000000bc   Code   RO         5581    i.USART_Init        stm32f10x_usart.o
    0x080078ac   0x080078ac   0x00000008   Code   RO         5588    i.USART_ReceiveData  stm32f10x_usart.o
    0x080078b4   0x080078b4   0x00000008   Code   RO         5591    i.USART_SendData    stm32f10x_usart.o
    0x080078bc   0x080078bc   0x00000020   Code   RO         2469    i.USB_LP_CAN1_RX0_IRQHandler  bsp_can.o
    0x080078dc   0x080078dc   0x00000020   Code   RO          497    i.UartServo_Clear_Arm_Read_Vlaue  app_uart_servo.o
    0x080078fc   0x080078fc   0x00000020   Code   RO          498    i.UartServo_Clear_Flag  app_uart_servo.o
    0x0800791c   0x0800791c   0x00000080   Code   RO          499    i.UartServo_Ctrl    app_uart_servo.o
    0x0800799c   0x0800799c   0x00000042   Code   RO          500    i.UartServo_Get_Angle  app_uart_servo.o
    0x080079de   0x080079de   0x00000002   PAD
    0x080079e0   0x080079e0   0x00000014   Code   RO          501    i.UartServo_Get_Flag  app_uart_servo.o
    0x080079f4   0x080079f4   0x00000038   Code   RO          502    i.UartServo_Get_Median_Offset  app_uart_servo.o
    0x08007a2c   0x08007a2c   0x0000000c   Code   RO          503    i.UartServo_Get_Read_State  app_uart_servo.o
    0x08007a38   0x08007a38   0x00000050   Code   RO          506    i.UartServo_Revice  app_uart_servo.o
    0x08007a88   0x08007a88   0x0000007c   Code   RO          507    i.UartServo_Rx_Parse  app_uart_servo.o
    0x08007b04   0x08007b04   0x0000005c   Code   RO          508    i.UartServo_Send_ARM_Angle  app_uart_servo.o
    0x08007b60   0x08007b60   0x000000d0   Code   RO          509    i.UartServo_Send_ARM_Angle_Array  app_uart_servo.o
    0x08007c30   0x08007c30   0x00000050   Code   RO          510    i.UartServo_Send_Offset_State  app_uart_servo.o
    0x08007c80   0x08007c80   0x00000048   Code   RO          511    i.UartServo_Set_ID  app_uart_servo.o
    0x08007cc8   0x08007cc8   0x00000010   Code   RO          512    i.UartServo_Set_Median_Value  app_uart_servo.o
    0x08007cd8   0x08007cd8   0x0000000c   Code   RO          513    i.UartServo_Set_Read_State  app_uart_servo.o
    0x08007ce4   0x08007ce4   0x00000078   Code   RO          514    i.UartServo_Set_Snyc_Buffer  app_uart_servo.o
    0x08007d5c   0x08007d5c   0x0000004a   Code   RO          515    i.UartServo_Set_Torque  app_uart_servo.o
    0x08007da6   0x08007da6   0x00000002   PAD
    0x08007da8   0x08007da8   0x00000170   Code   RO          516    i.UartServo_Sync_Write  app_uart_servo.o
    0x08007f18   0x08007f18   0x0000000c   Code   RO          517    i.UartServo_Test_Read_State  app_uart_servo.o
    0x08007f24   0x08007f24   0x0000008c   Code   RO          518    i.UartServo_Verify_Offset  app_uart_servo.o
    0x08007fb0   0x08007fb0   0x0000039c   Code   RO          231    i.Upper_CAN_Execute_Command  protocol.o
    0x0800834c   0x0800834c   0x000004e4   Code   RO          232    i.Upper_Data_Parse  protocol.o
    0x08008830   0x08008830   0x000000e4   Code   RO          233    i.Upper_Data_Parse_Low_Battery  protocol.o
    0x08008914   0x08008914   0x00000080   Code   RO          234    i.Upper_Data_Receive  protocol.o
    0x08008994   0x08008994   0x00000020   Code   RO         9226    i.__0printf         mc_w.l(printfa.o)
    0x080089b4   0x080089b4   0x00000028   Code   RO         9228    i.__0sprintf        mc_w.l(printfa.o)
    0x080089dc   0x080089dc   0x00000028   Code   RO         9313    i.__ARM_fpclassify  m_ws.l(fpclassify.o)
    0x08008a04   0x08008a04   0x00000026   Code   RO         9315    i.__ARM_fpclassifyf  m_ws.l(fpclassifyf.o)
    0x08008a2a   0x08008a2a   0x00000002   PAD
    0x08008a2c   0x08008a2c   0x00000388   Code   RO         9334    i.__ieee754_rem_pio2  m_ws.l(rred.o)
    0x08008db4   0x08008db4   0x000000aa   Code   RO         9331    i.__kernel_poly     m_ws.l(poly.o)
    0x08008e5e   0x08008e5e   0x00000002   PAD
    0x08008e60   0x08008e60   0x0000027c   Code   RO         9348    i.__kernel_tan      m_ws.l(tan_i.o)
    0x080090dc   0x080090dc   0x00000006   Code   RO         9300    i.__mathlib_dbl_infnan  m_ws.l(dunder.o)
    0x080090e2   0x080090e2   0x00000004   Code   RO         9301    i.__mathlib_dbl_infnan2  m_ws.l(dunder.o)
    0x080090e6   0x080090e6   0x0000000c   Code   RO         9302    i.__mathlib_dbl_invalid  m_ws.l(dunder.o)
    0x080090f2   0x080090f2   0x00000002   PAD
    0x080090f4   0x080090f4   0x00000010   Code   RO         9305    i.__mathlib_dbl_underflow  m_ws.l(dunder.o)
    0x08009104   0x08009104   0x00000006   Code   RO         9318    i.__mathlib_flt_infnan  m_ws.l(funder.o)
    0x0800910a   0x0800910a   0x00000008   Code   RO         9320    i.__mathlib_flt_invalid  m_ws.l(funder.o)
    0x08009112   0x08009112   0x0000000a   Code   RO         9323    i.__mathlib_flt_underflow  m_ws.l(funder.o)
    0x0800911c   0x0800911c   0x00000168   Code   RO         9339    i.__mathlib_rredf2  m_ws.l(rredf.o)
    0x08009284   0x08009284   0x0000000e   Code   RO         9401    i.__scatterload_copy  mc_w.l(handlers.o)
    0x08009292   0x08009292   0x00000002   Code   RO         9402    i.__scatterload_null  mc_w.l(handlers.o)
    0x08009294   0x08009294   0x0000000e   Code   RO         9403    i.__scatterload_zeroinit  mc_w.l(handlers.o)
    0x080092a2   0x080092a2   0x00000002   PAD
    0x080092a4   0x080092a4   0x0000000c   Code   RO         9379    i.__set_errno       mc_w.l(errno.o)
    0x080092b0   0x080092b0   0x00000184   Code   RO         9233    i._fp_digits        mc_w.l(printfa.o)
    0x08009434   0x08009434   0x000006b4   Code   RO         9234    i._printf_core      mc_w.l(printfa.o)
    0x08009ae8   0x08009ae8   0x00000024   Code   RO         9235    i._printf_post_padding  mc_w.l(printfa.o)
    0x08009b0c   0x08009b0c   0x0000002e   Code   RO         9236    i._printf_pre_padding  mc_w.l(printfa.o)
    0x08009b3a   0x08009b3a   0x0000000a   Code   RO         9238    i._sputc            mc_w.l(printfa.o)
    0x08009b44   0x08009b44   0x0000000c   Code   RO         7179    i.activate_compass  inv_mems_base_driver.o
    0x08009b50   0x08009b50   0x00000098   Code   RO         1218    i.app_rbg_gradient  app_rgb.o
    0x08009be8   0x08009be8   0x0000004c   Code   RO         1219    i.app_rgb_battery   app_rgb.o
    0x08009c34   0x08009c34   0x0000011c   Code   RO         1220    i.app_rgb_breathing  app_rgb.o
    0x08009d50   0x08009d50   0x00000090   Code   RO         1221    i.app_rgb_effects_handle  app_rgb.o
    0x08009de0   0x08009de0   0x0000000c   Code   RO         1222    i.app_rgb_get_effect  app_rgb.o
    0x08009dec   0x08009dec   0x00000024   Code   RO         1224    i.app_rgb_init      app_rgb.o
    0x08009e10   0x08009e10   0x0000007c   Code   RO         1225    i.app_rgb_marquee   app_rgb.o
    0x08009e8c   0x08009e8c   0x00000010   Code   RO         1226    i.app_rgb_set_breathing_color  app_rgb.o
    0x08009e9c   0x08009e9c   0x00000018   Code   RO         1227    i.app_rgb_set_effect  app_rgb.o
    0x08009eb4   0x08009eb4   0x000000c8   Code   RO         1228    i.app_rgb_starbright  app_rgb.o
    0x08009f7c   0x08009f7c   0x000000e4   Code   RO         1229    i.app_rgb_waterfall  app_rgb.o
    0x0800a060   0x0800a060   0x00000270   Code   RO         8842    i.asin              m_ws.l(asin.o)
    0x0800a2d0   0x0800a2d0   0x00000220   Code   RO         8852    i.atan              m_ws.l(atan.o)
    0x0800a4f0   0x0800a4f0   0x0000019c   Code   RO         8862    i.atan2             m_ws.l(atan2.o)
    0x0800a68c   0x0800a68c   0x000000d8   Code   RO         8277    i.atan2_q15         ml_math_func.o
    0x0800a764   0x0800a764   0x0000017c   Code   RO         8878    i.atanf             m_ws.l(atanf.o)
    0x0800a8e0   0x0800a8e0   0x00000032   Code   RO         7769    i.check_fifo_decoded_headers  inv_mems_mpu_fifo_control.o
    0x0800a912   0x0800a912   0x00000044   Code   RO         8217    i.check_reg_access_lp_disable  inv_mems_transport.o
    0x0800a956   0x0800a956   0x00000002   PAD
    0x0800a958   0x0800a958   0x0000017c   Code   RO         8898    i.cosf              m_ws.l(cosf.o)
    0x0800aad4   0x0800aad4   0x0000001c   Code   RO         1494    i.delay_init        bsp.o
    0x0800aaf0   0x0800aaf0   0x00000034   Code   RO         1495    i.delay_ms          bsp.o
    0x0800ab24   0x0800ab24   0x00000028   Code   RO         1496    i.delay_us          bsp.o
    0x0800ab4c   0x0800ab4c   0x0000000c   Code   RO         7181    i.desactivate_compass  inv_mems_base_driver.o
    0x0800ab58   0x0800ab58   0x00000020   Code   RO         7770    i.dmp_get_6quaternion  inv_mems_mpu_fifo_control.o
    0x0800ab78   0x0800ab78   0x00000020   Code   RO         7771    i.dmp_get_9quaternion  inv_mems_mpu_fifo_control.o
    0x0800ab98   0x0800ab98   0x00000020   Code   RO         7772    i.dmp_get_accel     inv_mems_mpu_fifo_control.o
    0x0800abb8   0x0800abb8   0x0000001c   Code   RO         7773    i.dmp_get_bac_state  inv_mems_mpu_fifo_control.o
    0x0800abd4   0x0800abd4   0x0000001c   Code   RO         7774    i.dmp_get_bac_ts    inv_mems_mpu_fifo_control.o
    0x0800abf0   0x0800abf0   0x00000020   Code   RO         7775    i.dmp_get_calibrated_compass  inv_mems_mpu_fifo_control.o
    0x0800ac10   0x0800ac10   0x00000054   Code   RO         7776    i.dmp_get_fifo_all  inv_mems_mpu_fifo_control.o
    0x0800ac64   0x0800ac64   0x0000003c   Code   RO         7777    i.dmp_get_fifo_length  inv_mems_mpu_fifo_control.o
    0x0800aca0   0x0800aca0   0x0000001c   Code   RO         7778    i.dmp_get_flip_pickup_state  inv_mems_mpu_fifo_control.o
    0x0800acbc   0x0800acbc   0x00000020   Code   RO         7779    i.dmp_get_gmrvquaternion  inv_mems_mpu_fifo_control.o
    0x0800acdc   0x0800acdc   0x0000001c   Code   RO         7780    i.dmp_get_gyro_bias  inv_mems_mpu_fifo_control.o
    0x0800acf8   0x0800acf8   0x00000004   Code   RO         7513    i.dmp_get_pedometer_get_all_steps  inv_mems_interface_mapping.o
    0x0800acfc   0x0800acfc   0x00000020   Code   RO         7514    i.dmp_get_pedometer_num_of_steps  inv_mems_interface_mapping.o
    0x0800ad1c   0x0800ad1c   0x0000003a   Code   RO         6541    i.dmp_get_pedometer_num_of_steps_20648  dmp3default_20648.o
    0x0800ad56   0x0800ad56   0x00000002   PAD
    0x0800ad58   0x0800ad58   0x00000020   Code   RO         7783    i.dmp_get_raw_compass  inv_mems_mpu_fifo_control.o
    0x0800ad78   0x0800ad78   0x00000020   Code   RO         7784    i.dmp_get_raw_gyro  inv_mems_mpu_fifo_control.o
    0x0800ad98   0x0800ad98   0x00000044   Code   RO         7786    i.dmp_read_fifo     inv_mems_mpu_fifo_control.o
    0x0800addc   0x0800addc   0x00000004   Code   RO         7516    i.dmp_reset_control_registers  inv_mems_interface_mapping.o
    0x0800ade0   0x0800ade0   0x00000048   Code   RO         6543    i.dmp_reset_control_registers_20648  dmp3default_20648.o
    0x0800ae28   0x0800ae28   0x00000078   Code   RO         7787    i.dmp_reset_fifo    inv_mems_mpu_fifo_control.o
    0x0800aea0   0x0800aea0   0x00000004   Code   RO         7517    i.dmp_reset_odr_counters  inv_mems_interface_mapping.o
    0x0800aea4   0x0800aea4   0x0000009e   Code   RO         6544    i.dmp_reset_odr_counters_20648  dmp3default_20648.o
    0x0800af42   0x0800af42   0x00000004   Code   RO         7518    i.dmp_reset_pickup  inv_mems_interface_mapping.o
    0x0800af46   0x0800af46   0x00000004   Code   RO         7519    i.dmp_set_FIFO_watermark  inv_mems_interface_mapping.o
    0x0800af4a   0x0800af4a   0x00000020   Code   RO         6545    i.dmp_set_FIFO_watermark_20648  dmp3default_20648.o
    0x0800af6a   0x0800af6a   0x00000004   Code   RO         7520    i.dmp_set_accel_cal_params  inv_mems_interface_mapping.o
    0x0800af6e   0x0800af6e   0x00000054   Code   RO         6546    i.dmp_set_accel_cal_params_20648  dmp3default_20648.o
    0x0800afc2   0x0800afc2   0x00000004   Code   RO         7521    i.dmp_set_accel_feedback_gain  inv_mems_interface_mapping.o
    0x0800afc6   0x0800afc6   0x0000001e   Code   RO         6547    i.dmp_set_accel_feedback_gain_20648  dmp3default_20648.o
    0x0800afe4   0x0800afe4   0x00000004   Code   RO         7522    i.dmp_set_accel_fsr  inv_mems_interface_mapping.o
    0x0800afe8   0x0800afe8   0x00000052   Code   RO         6548    i.dmp_set_accel_fsr_20648  dmp3default_20648.o
    0x0800b03a   0x0800b03a   0x00000004   Code   RO         7523    i.dmp_set_accel_scale2  inv_mems_interface_mapping.o
    0x0800b03e   0x0800b03e   0x00000052   Code   RO         6549    i.dmp_set_accel_scale2_20648  dmp3default_20648.o
    0x0800b090   0x0800b090   0x00000016   Code   RO         7524    i.dmp_set_bac_rate  inv_mems_interface_mapping.o
    0x0800b0a6   0x0800b0a6   0x0000005c   Code   RO         6550    i.dmp_set_bac_rate_20648  dmp3default_20648.o
    0x0800b102   0x0800b102   0x00000004   Code   RO         7526    i.dmp_set_bias      inv_mems_interface_mapping.o
    0x0800b106   0x0800b106   0x000000dc   Code   RO         6552    i.dmp_set_bias_20648  dmp3default_20648.o
    0x0800b1e2   0x0800b1e2   0x00000004   Code   RO         7529    i.dmp_set_compass_matrix  inv_mems_interface_mapping.o
    0x0800b1e6   0x0800b1e6   0x000000d4   Code   RO         6554    i.dmp_set_compass_matrix_20648  dmp3default_20648.o
    0x0800b2ba   0x0800b2ba   0x00000004   Code   RO         7530    i.dmp_set_data_interrupt_control  inv_mems_interface_mapping.o
    0x0800b2be   0x0800b2be   0x0000001e   Code   RO         6555    i.dmp_set_data_interrupt_control_20648  dmp3default_20648.o
    0x0800b2dc   0x0800b2dc   0x00000004   Code   RO         7531    i.dmp_set_data_output_control1  inv_mems_interface_mapping.o
    0x0800b2e0   0x0800b2e0   0x00000018   Code   RO         6556    i.dmp_set_data_output_control1_20648  dmp3default_20648.o
    0x0800b2f8   0x0800b2f8   0x00000004   Code   RO         7532    i.dmp_set_data_output_control2  inv_mems_interface_mapping.o
    0x0800b2fc   0x0800b2fc   0x00000018   Code   RO         6557    i.dmp_set_data_output_control2_20648  dmp3default_20648.o
    0x0800b314   0x0800b314   0x00000004   Code   RO         7533    i.dmp_set_data_rdy_status  inv_mems_interface_mapping.o
    0x0800b318   0x0800b318   0x0000001e   Code   RO         6558    i.dmp_set_data_rdy_status_20648  dmp3default_20648.o
    0x0800b336   0x0800b336   0x00000004   Code   RO         7534    i.dmp_set_gyro_sf   inv_mems_interface_mapping.o
    0x0800b33a   0x0800b33a   0x00000016   Code   RO         6560    i.dmp_set_gyro_sf_20648  dmp3default_20648.o
    0x0800b350   0x0800b350   0x00000004   Code   RO         7535    i.dmp_set_motion_event_control  inv_mems_interface_mapping.o
    0x0800b354   0x0800b354   0x00000018   Code   RO         6561    i.dmp_set_motion_event_control_20648  dmp3default_20648.o
    0x0800b36c   0x0800b36c   0x00000004   Code   RO         7537    i.dmp_set_sensor_rate  inv_mems_interface_mapping.o
    0x0800b370   0x0800b370   0x00000060   Code   RO         6563    i.dmp_set_sensor_rate_20648  dmp3default_20648.o
    0x0800b3d0   0x0800b3d0   0x00000004   Code   RO         7538    i.dmp_set_tilt_enable  inv_mems_interface_mapping.o
    0x0800b3d4   0x0800b3d4   0x00000070   Code   RO         7788    i.extract_sample_cnt  inv_mems_mpu_fifo_control.o
    0x0800b444   0x0800b444   0x00000530   Code   RO         6768    i.fifo_handler      icm20948.o
    0x0800b974   0x0800b974   0x00000024   Code   RO         1834    i.fputc             bsp_usart.o
    0x0800b998   0x0800b998   0x00000084   Code   RO         7004    i.getMinDlyAccel    inv_mems_base_control.o
    0x0800ba1c   0x0800ba1c   0x00000040   Code   RO         7005    i.getMinDlyCompass  inv_mems_base_control.o
    0x0800ba5c   0x0800ba5c   0x0000002c   Code   RO         7006    i.getMinDlyGyro     inv_mems_base_control.o
    0x0800ba88   0x0800ba88   0x00000474   Code   RO         1442    i.get_attitude_angle  app_angle.o
    0x0800befc   0x0800befc   0x0000004c   Code   RO         8278    i.get_highest_bit_position  ml_math_func.o
    0x0800bf48   0x0800bf48   0x0000011a   Code   RO         7789    i.get_packet_size_and_samplecnt  inv_mems_mpu_fifo_control.o
    0x0800c062   0x0800c062   0x00000002   PAD
    0x0800c064   0x0800c064   0x00000010   Code   RO         6769    i.get_tick_count    icm20948.o
    0x0800c074   0x0800c074   0x0000000c   Code   RO         6770    i.gyro_data_ready_cb  icm20948.o
    0x0800c080   0x0800c080   0x0000005e   Code   RO         1964    i.i2cWrite          bsp_io_i2c.o
    0x0800c0de   0x0800c0de   0x00000002   PAD
    0x0800c0e0   0x0800c0e0   0x000000bc   Code   RO         1965    i.i2c_scanf_addr    bsp_io_i2c.o
    0x0800c19c   0x0800c19c   0x00000018   Code   RO         7007    i.inv_androidSensor_enabled  inv_mems_base_control.o
    0x0800c1b4   0x0800c1b4   0x00000048   Code   RO         8103    i.inv_apply_raw_compass_matrix  inv_mems_slave_compass.o
    0x0800c1fc   0x0800c1fc   0x00000078   Code   RO         7982    i.inv_check_accelgyro_self_test  inv_mems_mpu_selftest.o
    0x0800c274   0x0800c274   0x0000016c   Code   RO         8105    i.inv_compass_dmp_cal  inv_mems_slave_compass.o
    0x0800c3e0   0x0800c3e0   0x0000003c   Code   RO         8285    i.inv_compute_scalar_part  ml_math_func.o
    0x0800c41c   0x0800c41c   0x00000074   Code   RO         7008    i.inv_convert_androidSensor_to_control  inv_mems_base_control.o
    0x0800c490   0x0800c490   0x00000040   Code   RO         7409    i.inv_convert_dmp3_to_body  inv_mems_data_converter.o
    0x0800c4d0   0x0800c4d0   0x000000a4   Code   RO         7410    i.inv_convert_rotation_vector  inv_mems_data_converter.o
    0x0800c574   0x0800c574   0x00000050   Code   RO         7411    i.inv_convert_rotation_vector_1  inv_mems_data_converter.o
    0x0800c5c4   0x0800c5c4   0x00000020   Code   RO         7790    i.inv_decode_3_16bit_elements  inv_mems_mpu_fifo_control.o
    0x0800c5e4   0x0800c5e4   0x00000046   Code   RO         7791    i.inv_decode_3_32bit_elements  inv_mems_mpu_fifo_control.o
    0x0800c62a   0x0800c62a   0x000001b2   Code   RO         7792    i.inv_decode_one_ivory_fifo_packet  inv_mems_mpu_fifo_control.o
    0x0800c7dc   0x0800c7dc   0x00000004   Code   RO         7543    i.inv_dmpdriver_int16_to_big8  inv_mems_interface_mapping.o
    0x0800c7e0   0x0800c7e0   0x00000004   Code   RO         7544    i.inv_dmpdriver_int32_to_big8  inv_mems_interface_mapping.o
    0x0800c7e4   0x0800c7e4   0x00000004   Code   RO         7545    i.inv_dmpdriver_mems_firmware_load  inv_mems_interface_mapping.o
    0x0800c7e8   0x0800c7e8   0x00000004   Code   RO         7546    i.inv_dmpdriver_read_mems  inv_mems_interface_mapping.o
    0x0800c7ec   0x0800c7ec   0x00000004   Code   RO         7547    i.inv_dmpdriver_write_mems  inv_mems_interface_mapping.o
    0x0800c7f0   0x0800c7f0   0x0000008a   Code   RO         7983    i.inv_do_test_accelgyro  inv_mems_mpu_selftest.o
    0x0800c87a   0x0800c87a   0x00000002   PAD
    0x0800c87c   0x0800c87c   0x0000003c   Code   RO         7009    i.inv_enable_activity_classifier  inv_mems_base_control.o
    0x0800c8b8   0x0800c8b8   0x0000007c   Code   RO         7184    i.inv_enable_mems_hw_sensors  inv_mems_base_driver.o
    0x0800c934   0x0800c934   0x0000005c   Code   RO         7012    i.inv_enable_sensor  inv_mems_base_control.o
    0x0800c990   0x0800c990   0x00000364   Code   RO         7013    i.inv_enable_sensor_internal  inv_mems_base_control.o
    0x0800ccf4   0x0800ccf4   0x00000028   Code   RO         7014    i.inv_enable_tilt   inv_mems_base_control.o
    0x0800cd1c   0x0800cd1c   0x00000048   Code   RO         8029    i.inv_execute_read_secondary  inv_mems_secondary_transport.o
    0x0800cd64   0x0800cd64   0x0000002e   Code   RO         8030    i.inv_execute_write_secondary  inv_mems_secondary_transport.o
    0x0800cd92   0x0800cd92   0x00000002   PAD
    0x0800cd94   0x0800cd94   0x000000c4   Code   RO         8291    i.inv_fast_sqrt     ml_math_func.o
    0x0800ce58   0x0800ce58   0x0000000c   Code   RO         7793    i.inv_get_accel_accuracy  inv_mems_mpu_fifo_control.o
    0x0800ce64   0x0800ce64   0x0000000c   Code   RO         7185    i.inv_get_accel_divider  inv_mems_base_driver.o
    0x0800ce70   0x0800ce70   0x0000000c   Code   RO         7186    i.inv_get_accel_fullscale  inv_mems_base_driver.o
    0x0800ce7c   0x0800ce7c   0x0000000c   Code   RO         7017    i.inv_get_batch_mode_status  inv_mems_base_control.o
    0x0800ce88   0x0800ce88   0x0000000c   Code   RO         7187    i.inv_get_chip_power_state  inv_mems_base_driver.o
    0x0800ce94   0x0800ce94   0x00000004   Code   RO         7548    i.inv_get_dmp_start_address  inv_mems_interface_mapping.o
    0x0800ce98   0x0800ce98   0x00000008   Code   RO         6567    i.inv_get_dmp_start_address_20648  dmp3default_20648.o
    0x0800cea0   0x0800cea0   0x0000000c   Code   RO         7794    i.inv_get_gmrv_accuracy  inv_mems_mpu_fifo_control.o
    0x0800ceac   0x0800ceac   0x0000000c   Code   RO         7795    i.inv_get_gyro_accuracy  inv_mems_mpu_fifo_control.o
    0x0800ceb8   0x0800ceb8   0x0000000c   Code   RO         7188    i.inv_get_gyro_divider  inv_mems_base_driver.o
    0x0800cec4   0x0800cec4   0x0000000c   Code   RO         7189    i.inv_get_gyro_fullscale  inv_mems_base_driver.o
    0x0800ced0   0x0800ced0   0x0000000c   Code   RO         7796    i.inv_get_mag_accuracy  inv_mems_mpu_fifo_control.o
    0x0800cedc   0x0800cedc   0x0000000c   Code   RO         7797    i.inv_get_rv_accuracy  inv_mems_mpu_fifo_control.o
    0x0800cee8   0x0800cee8   0x0000000e   Code   RO         7471    i.inv_get_tick_count  inv_mems_drv_hook.o
    0x0800cef6   0x0800cef6   0x0000003a   Code   RO         7798    i.inv_identify_interrupt  inv_mems_mpu_fifo_control.o
    0x0800cf30   0x0800cf30   0x00000058   Code   RO         8031    i.inv_init_secondary  inv_mems_secondary_transport.o
    0x0800cf88   0x0800cf88   0x000001a8   Code   RO         7192    i.inv_initialize_lower_driver  inv_mems_base_driver.o
    0x0800d130   0x0800d130   0x0000000c   Code   RO         8298    i.inv_int16_to_big8  ml_math_func.o
    0x0800d13c   0x0800d13c   0x00000014   Code   RO         8299    i.inv_int32_to_big8  ml_math_func.o
    0x0800d150   0x0800d150   0x00000004   Code   RO         7549    i.inv_load_firmware  inv_mems_interface_mapping.o
    0x0800d154   0x0800d154   0x00000010   Code   RO         6568    i.inv_load_firmware_20648  dmp3default_20648.o
    0x0800d164   0x0800d164   0x00000014   Code   RO         7193    i.inv_mems_allow_lpen_control  inv_mems_base_driver.o
    0x0800d178   0x0800d178   0x000000b4   Code   RO         6953    i.inv_mems_augmented_sensors_get_gravity  inv_mems_augmented_sensors.o
    0x0800d22c   0x0800d22c   0x00000036   Code   RO         6954    i.inv_mems_augmented_sensors_get_linearacceleration  inv_mems_augmented_sensors.o
    0x0800d262   0x0800d262   0x00000002   PAD
    0x0800d264   0x0800d264   0x000000a8   Code   RO         6955    i.inv_mems_augmented_sensors_get_orientation  inv_mems_augmented_sensors.o
    0x0800d30c   0x0800d30c   0x00000218   Code   RO         6956    i.inv_mems_augmented_sensors_set_odr  inv_mems_augmented_sensors.o
    0x0800d524   0x0800d524   0x000000ec   Code   RO         6957    i.inv_mems_augmented_sensors_update_odr  inv_mems_augmented_sensors.o
    0x0800d610   0x0800d610   0x0000000c   Code   RO         8106    i.inv_mems_compass_getstate  inv_mems_slave_compass.o
    0x0800d61c   0x0800d61c   0x00000036   Code   RO         7799    i.inv_mems_dmp_get_calibrated_gyro  inv_mems_mpu_fifo_control.o
    0x0800d652   0x0800d652   0x00000002   PAD
    0x0800d654   0x0800d654   0x00000070   Code   RO         7800    i.inv_mems_fifo_pop  inv_mems_mpu_fifo_control.o
    0x0800d6c4   0x0800d6c4   0x0000004c   Code   RO         7801    i.inv_mems_fifo_swmirror  inv_mems_mpu_fifo_control.o
    0x0800d710   0x0800d710   0x0000009e   Code   RO         7757    i.inv_mems_firmware_load  inv_mems_load_firmware.o
    0x0800d7ae   0x0800d7ae   0x00000002   PAD
    0x0800d7b0   0x0800d7b0   0x0000000c   Code   RO         7194    i.inv_mems_get_compass_availability  inv_mems_base_driver.o
    0x0800d7bc   0x0800d7bc   0x0000000c   Code   RO         7195    i.inv_mems_get_lpen_control  inv_mems_base_driver.o
    0x0800d7c8   0x0800d7c8   0x0000000c   Code   RO         7196    i.inv_mems_get_pressure_availability  inv_mems_base_driver.o
    0x0800d7d4   0x0800d7d4   0x0000000c   Code   RO         8171    i.inv_mems_pressure_getstate  inv_mems_slave_pressure.o
    0x0800d7e0   0x0800d7e0   0x00000160   Code   RO         8172    i.inv_mems_pressure_resume_bmp  inv_mems_slave_pressure.o
    0x0800d940   0x0800d940   0x00000060   Code   RO         8174    i.inv_mems_pressure_suspend_bmp  inv_mems_slave_pressure.o
    0x0800d9a0   0x0800d9a0   0x0000000c   Code   RO         7197    i.inv_mems_prevent_lpen_control  inv_mems_base_driver.o
    0x0800d9ac   0x0800d9ac   0x000000b0   Code   RO         7984    i.inv_mems_run_selftest  inv_mems_mpu_selftest.o
    0x0800da5c   0x0800da5c   0x00000014   Code   RO         8032    i.inv_mems_secondary_disable_i2c  inv_mems_secondary_transport.o
    0x0800da70   0x0800da70   0x00000014   Code   RO         8033    i.inv_mems_secondary_enable_i2c  inv_mems_secondary_transport.o
    0x0800da84   0x0800da84   0x00000002   Code   RO         8034    i.inv_mems_secondary_restoreI2cOdr  inv_mems_secondary_transport.o
    0x0800da86   0x0800da86   0x00000002   Code   RO         8035    i.inv_mems_secondary_saveI2cOdr  inv_mems_secondary_transport.o
    0x0800da88   0x0800da88   0x0000001c   Code   RO         8036    i.inv_mems_secondary_set_odr  inv_mems_secondary_transport.o
    0x0800daa4   0x0800daa4   0x00000014   Code   RO         8037    i.inv_mems_secondary_stop_channel  inv_mems_secondary_transport.o
    0x0800dab8   0x0800dab8   0x0000000c   Code   RO         8309    i.inv_q15_mult      ml_math_func.o
    0x0800dac4   0x0800dac4   0x00000012   Code   RO         6772    i.inv_q16_to_float  icm20948.o
    0x0800dad6   0x0800dad6   0x0000000c   Code   RO         8310    i.inv_q29_mult      ml_math_func.o
    0x0800dae2   0x0800dae2   0x0000000c   Code   RO         8313    i.inv_q30_mult      ml_math_func.o
    0x0800daee   0x0800daee   0x00000018   Code   RO         8318    i.inv_q_invert      ml_math_func.o
    0x0800db06   0x0800db06   0x000000b0   Code   RO         8320    i.inv_q_mult        ml_math_func.o
    0x0800dbb6   0x0800dbb6   0x000000b8   Code   RO         7415    i.inv_q_mult_q_qi   inv_mems_data_converter.o
    0x0800dc6e   0x0800dc6e   0x0000003e   Code   RO         8325    i.inv_q_rotate      ml_math_func.o
    0x0800dcac   0x0800dcac   0x0000000c   Code   RO         8329    i.inv_qfix_mult     ml_math_func.o
    0x0800dcb8   0x0800dcb8   0x00000038   Code   RO         7020    i.inv_reGenerate_sensorControl  inv_mems_base_control.o
    0x0800dcf0   0x0800dcf0   0x00000104   Code   RO         8218    i.inv_read_mems     inv_mems_transport.o
    0x0800ddf4   0x0800ddf4   0x0000004a   Code   RO         8219    i.inv_read_mems_reg  inv_mems_transport.o
    0x0800de3e   0x0800de3e   0x00000002   PAD
    0x0800de40   0x0800de40   0x00000090   Code   RO         8220    i.inv_read_mems_reg_core  inv_mems_transport.o
    0x0800ded0   0x0800ded0   0x00000050   Code   RO         8038    i.inv_read_secondary  inv_mems_secondary_transport.o
    0x0800df20   0x0800df20   0x00000124   Code   RO         7985    i.inv_recover_setting  inv_mems_mpu_selftest.o
    0x0800e044   0x0800e044   0x00000034   Code   RO         7198    i.inv_reset_dmp_odr_counters  inv_mems_base_driver.o
    0x0800e078   0x0800e078   0x000000a4   Code   RO         8108    i.inv_resume_akm    inv_mems_slave_compass.o
    0x0800e11c   0x0800e11c   0x00000284   Code   RO         8332    i.inv_rotation_to_quaternion  ml_math_func.o
    0x0800e3a0   0x0800e3a0   0x00000104   Code   RO         7986    i.inv_save_setting  inv_mems_mpu_selftest.o
    0x0800e4a4   0x0800e4a4   0x0000006a   Code   RO         7987    i.inv_selftest_read_samples  inv_mems_mpu_selftest.o
    0x0800e50e   0x0800e50e   0x00000002   PAD
    0x0800e510   0x0800e510   0x00000048   Code   RO         7472    i.inv_serial_interface_read_hook  inv_mems_drv_hook.o
    0x0800e558   0x0800e558   0x00000040   Code   RO         7473    i.inv_serial_interface_write_hook  inv_mems_drv_hook.o
    0x0800e598   0x0800e598   0x000000a0   Code   RO         7021    i.inv_set_accel_cal_params  inv_mems_base_control.o
    0x0800e638   0x0800e638   0x00000028   Code   RO         7199    i.inv_set_accel_divider  inv_mems_base_driver.o
    0x0800e660   0x0800e660   0x00000030   Code   RO         7200    i.inv_set_accel_fullscale  inv_mems_base_driver.o
    0x0800e690   0x0800e690   0x00000030   Code   RO         7022    i.inv_set_accel_quaternion_gain  inv_mems_base_control.o
    0x0800e6c0   0x0800e6c0   0x00000044   Code   RO         8221    i.inv_set_bank      inv_mems_transport.o
    0x0800e704   0x0800e704   0x000000b0   Code   RO         7201    i.inv_set_chip_power_state  inv_mems_base_driver.o
    0x0800e7b4   0x0800e7b4   0x00000018   Code   RO         7416    i.inv_set_chip_to_body  inv_mems_data_converter.o
    0x0800e7cc   0x0800e7cc   0x00000094   Code   RO         7417    i.inv_set_chip_to_body_axis_quaternion  inv_mems_data_converter.o
    0x0800e860   0x0800e860   0x00000028   Code   RO         7202    i.inv_set_dmp_address  inv_mems_base_driver.o
    0x0800e888   0x0800e888   0x00000010   Code   RO         7550    i.inv_set_dmp_stepcounter_update_offset  inv_mems_interface_mapping.o
    0x0800e898   0x0800e898   0x0000001c   Code   RO         7203    i.inv_set_gyro_divider  inv_mems_base_driver.o
    0x0800e8b4   0x0800e8b4   0x00000020   Code   RO         7204    i.inv_set_gyro_fullscale  inv_mems_base_driver.o
    0x0800e8d4   0x0800e8d4   0x000000cc   Code   RO         7205    i.inv_set_gyro_sf   inv_mems_base_driver.o
    0x0800e9a0   0x0800e9a0   0x00000204   Code   RO         7026    i.inv_set_hw_smplrt_dmp_odrs  inv_mems_base_control.o
    0x0800eba4   0x0800eba4   0x000000b0   Code   RO         7207    i.inv_set_mems_accel_fullscale  inv_mems_base_driver.o
    0x0800ec54   0x0800ec54   0x000000b4   Code   RO         7208    i.inv_set_mems_gyro_fullscale  inv_mems_base_driver.o
    0x0800ed08   0x0800ed08   0x0000013c   Code   RO         7027    i.inv_set_odr       inv_mems_base_control.o
    0x0800ee44   0x0800ee44   0x0000003c   Code   RO         7209    i.inv_set_secondary  inv_mems_base_driver.o
    0x0800ee80   0x0800ee80   0x00000018   Code   RO         7210    i.inv_set_secondary_divider  inv_mems_base_driver.o
    0x0800ee98   0x0800ee98   0x0000003c   Code   RO         7212    i.inv_set_slave_compass_id  inv_mems_base_driver.o
    0x0800eed4   0x0800eed4   0x00000160   Code   RO         8109    i.inv_setup_compass_akm  inv_mems_slave_compass.o
    0x0800f034   0x0800f034   0x00000124   Code   RO         7988    i.inv_setup_selftest  inv_mems_mpu_selftest.o
    0x0800f158   0x0800f158   0x0000001e   Code   RO         7474    i.inv_sleep         inv_mems_drv_hook.o
    0x0800f176   0x0800f176   0x00000020   Code   RO         7475    i.inv_sleep_100us   inv_mems_drv_hook.o
    0x0800f196   0x0800f196   0x0000001e   Code   RO         7214    i.inv_sleep_mems    inv_mems_base_driver.o
    0x0800f1b4   0x0800f1b4   0x00000040   Code   RO         8110    i.inv_suspend_akm   inv_mems_slave_compass.o
    0x0800f1f4   0x0800f1f4   0x000000da   Code   RO         8335    i.inv_transpose_quaternion_to_rotation  ml_math_func.o
    0x0800f2ce   0x0800f2ce   0x00000002   PAD
    0x0800f2d0   0x0800f2d0   0x0000005c   Code   RO         7215    i.inv_wakeup_mems   inv_mems_base_driver.o
    0x0800f32c   0x0800f32c   0x000000b8   Code   RO         8222    i.inv_write_mems    inv_mems_transport.o
    0x0800f3e4   0x0800f3e4   0x00000082   Code   RO         8223    i.inv_write_mems_reg  inv_mems_transport.o
    0x0800f466   0x0800f466   0x00000002   PAD
    0x0800f468   0x0800f468   0x0000005c   Code   RO         8039    i.inv_write_secondary  inv_mems_secondary_transport.o
    0x0800f4c4   0x0800f4c4   0x0000004e   Code   RO         8224    i.inv_write_single_mems_reg  inv_mems_transport.o
    0x0800f512   0x0800f512   0x0000001e   Code   RO         8225    i.inv_write_single_mems_reg_core  inv_mems_transport.o
    0x0800f530   0x0800f530   0x0000009a   Code   RO         8345    i.inverse_sqrt_q15  ml_math_func.o
    0x0800f5ca   0x0800f5ca   0x00000002   PAD
    0x0800f5cc   0x0800f5cc   0x0000003c   Code   RO          104    i.main              main.o
    0x0800f608   0x0800f608   0x0000002a   Code   RO         7802    i.mpu_set_FIFO_RST_Diamond  inv_mems_mpu_fifo_control.o
    0x0800f632   0x0800f632   0x00000002   PAD
    0x0800f634   0x0800f634   0x000008b4   Code   RO         6773    i.process_sensor_output  icm20948.o
    0x0800fee8   0x0800fee8   0x00000070   Code   RO         6152    i.prvAddCurrentTaskToDelayedList  tasks.o
    0x0800ff58   0x0800ff58   0x00000088   Code   RO         6153    i.prvAddNewTaskToReadyList  tasks.o
    0x0800ffe0   0x0800ffe0   0x0000003c   Code   RO         6154    i.prvCheckTasksWaitingTermination  tasks.o
    0x0801001c   0x0801001c   0x00000014   Code   RO         6155    i.prvDeleteTCB      tasks.o
    0x08010030   0x08010030   0x00000028   Code   RO         5847    i.prvHeapInit       heap_2.o
    0x08010058   0x08010058   0x00000028   Code   RO         6156    i.prvIdleTask       tasks.o
    0x08010080   0x08010080   0x0000007a   Code   RO         6157    i.prvInitialiseNewTask  tasks.o
    0x080100fa   0x080100fa   0x00000002   PAD
    0x080100fc   0x080100fc   0x00000058   Code   RO         6158    i.prvInitialiseTaskLists  tasks.o
    0x08010154   0x08010154   0x00000020   Code   RO         6159    i.prvResetNextTaskUnblockTime  tasks.o
    0x08010174   0x08010174   0x00000010   Code   RO         5931    i.prvTaskExitError  port.o
    0x08010184   0x08010184   0x000000a8   Code   RO         5848    i.pvPortMalloc      heap_2.o
    0x0801022c   0x0801022c   0x0000001c   Code   RO         5932    i.pxPortInitialiseStack  port.o
    0x08010248   0x08010248   0x00000038   Code   RO         1443    i.q_rsqrt           app_angle.o
    0x08010280   0x08010280   0x0000003c   Code   RO         8350    i.reciprocal_fun_q15  ml_math_func.o
    0x080102bc   0x080102bc   0x00000092   Code   RO         1230    i.rgb_battery_126V  app_rgb.o
    0x0801034e   0x0801034e   0x00000092   Code   RO         1231    i.rgb_battery_84V   app_rgb.o
    0x080103e0   0x080103e0   0x00000038   Code   RO         1232    i.rgb_remix         app_rgb.o
    0x08010418   0x08010418   0x00000042   Code   RO         1233    i.rgb_remix_u8      app_rgb.o
    0x0801045a   0x0801045a   0x00000002   PAD
    0x0801045c   0x0801045c   0x0000028c   Code   RO         6774    i.self_test         icm20948.o
    0x080106e8   0x080106e8   0x0000002c   Code   RO         7028    i.sensor_needs_compass  inv_mems_base_control.o
    0x08010714   0x08010714   0x00000010   Code   RO         7029    i.sensor_needs_pressure  inv_mems_base_control.o
    0x08010724   0x08010724   0x00000290   Code   RO         6775    i.set_output_rates  icm20948.o
    0x080109b4   0x080109b4   0x00000188   Code   RO         8938    i.sinf              m_ws.l(sinf.o)
    0x08010b3c   0x08010b3c   0x0000004c   Code   RO         8946    i.sqrt              m_ws.l(sqrt.o)
    0x08010b88   0x08010b88   0x0000002c   Code   RO         8954    i.sqrtf             m_ws.l(sqrtf.o)
    0x08010bb4   0x08010bb4   0x0000000c   Code   RO         2295    i.ssd1306_I2C_Write  bsp_ssd1306.o
    0x08010bc0   0x08010bc0   0x0000000e   Code   RO         2296    i.ssd1306_I2C_WriteMulti  bsp_ssd1306.o
    0x08010bce   0x08010bce   0x00000002   PAD
    0x08010bd0   0x08010bd0   0x00000064   Code   RO         8962    i.tan               m_ws.l(tan.o)
    0x08010c34   0x08010c34   0x00000094   Code   RO         8355    i.test_limits_and_scale  ml_math_func.o
    0x08010cc8   0x08010cc8   0x00000026   Code   RO         5894    i.uxListRemove      list.o
    0x08010cee   0x08010cee   0x00000016   Code   RO         5895    i.vListInitialise   list.o
    0x08010d04   0x08010d04   0x00000006   Code   RO         5896    i.vListInitialiseItem  list.o
    0x08010d0a   0x08010d0a   0x00000030   Code   RO         5897    i.vListInsert       list.o
    0x08010d3a   0x08010d3a   0x00000018   Code   RO         5898    i.vListInsertEnd    list.o
    0x08010d52   0x08010d52   0x00000002   PAD
    0x08010d54   0x08010d54   0x0000001c   Code   RO         5934    i.vPortEnterCritical  port.o
    0x08010d70   0x08010d70   0x00000018   Code   RO         5935    i.vPortExitCritical  port.o
    0x08010d88   0x08010d88   0x00000040   Code   RO         5849    i.vPortFree         heap_2.o
    0x08010dc8   0x08010dc8   0x00000018   Code   RO         5936    i.vPortSetupTimerInterrupt  port.o
    0x08010de0   0x08010de0   0x00000034   Code   RO         6167    i.vTaskDelay        tasks.o
    0x08010e14   0x08010e14   0x00000050   Code   RO         6179    i.vTaskStartScheduler  tasks.o
    0x08010e64   0x08010e64   0x00000010   Code   RO         6181    i.vTaskSuspendAll   tasks.o
    0x08010e74   0x08010e74   0x00000048   Code   RO         6182    i.vTaskSwitchContext  tasks.o
    0x08010ebc   0x08010ebc   0x00000034   Code   RO          342    i.vTask_App_Handle  app.o
    0x08010ef0   0x08010ef0   0x00000094   Code   RO          343    i.vTask_Auto_Report  app.o
    0x08010f84   0x08010f84   0x0000006c   Code   RO          344    i.vTask_Control     app.o
    0x08010ff0   0x08010ff0   0x00000046   Code   RO          345    i.vTask_IMU         app.o
    0x08011036   0x08011036   0x00000002   PAD
    0x08011038   0x08011038   0x00000094   Code   RO          346    i.vTask_Key         app.o
    0x080110cc   0x080110cc   0x00000130   Code   RO          347    i.vTask_OLED        app.o
    0x080111fc   0x080111fc   0x00000038   Code   RO          348    i.vTask_Speed       app.o
    0x08011234   0x08011234   0x00000030   Code   RO         5937    i.xPortStartScheduler  port.o
    0x08011264   0x08011264   0x0000002c   Code   RO         5938    i.xPortSysTickHandler  port.o
    0x08011290   0x08011290   0x00000060   Code   RO         6185    i.xTaskCreate       tasks.o
    0x080112f0   0x080112f0   0x0000005c   Code   RO         6186    i.xTaskDelayUntil   tasks.o
    0x0801134c   0x0801134c   0x0000000c   Code   RO         6191    i.xTaskGetTickCount  tasks.o
    0x08011358   0x08011358   0x000000b8   Code   RO         6193    i.xTaskIncrementTick  tasks.o
    0x08011410   0x08011410   0x000000b4   Code   RO         6195    i.xTaskResumeAll    tasks.o
    0x080114c4   0x080114c4   0x0000001e   Data   RO         1048    .constdata          app_flash.o
    0x080114e2   0x080114e2   0x00000002   PAD
    0x080114e4   0x080114e4   0x00000004   Data   RO         1388    .constdata          app_math.o
    0x080114e8   0x080114e8   0x00000004   Data   RO         1389    .constdata          app_math.o
    0x080114ec   0x080114ec   0x00000060   Data   RO         2078    .constdata          bsp_motor.o
    0x0801154c   0x0801154c   0x0000076c   Data   RO         2261    .constdata          oled_fonts.o
    0x08011cb8   0x08011cb8   0x000037aa   Data   RO         6569    .constdata          dmp3default_20648.o
    0x08015462   0x08015462   0x00000001   Data   RO         6782    .constdata          icm20948.o
    0x08015463   0x08015463   0x00000001   Data   RO         6783    .constdata          icm20948.o
    0x08015464   0x08015464   0x00000001   Data   RO         6784    .constdata          icm20948.o
    0x08015465   0x08015465   0x00000001   PAD
    0x08015466   0x08015466   0x000000f4   Data   RO         7031    .constdata          inv_mems_base_control.o
    0x0801555a   0x0801555a   0x00000200   Data   RO         7990    .constdata          inv_mems_mpu_selftest.o
    0x0801575a   0x0801575a   0x00000048   Data   RO         8113    .constdata          inv_mems_slave_compass.o
    0x080157a2   0x080157a2   0x00000006   PAD
    0x080157a8   0x080157a8   0x00000050   Data   RO         8843    .constdata          m_ws.l(asin.o)
    0x080157f8   0x080157f8   0x00000098   Data   RO         8853    .constdata          m_ws.l(atan.o)
    0x08015890   0x08015890   0x00000008   Data   RO         9333    .constdata          m_ws.l(qnan.o)
    0x08015898   0x08015898   0x000000c8   Data   RO         9336    .constdata          m_ws.l(rred.o)
    0x08015960   0x08015960   0x00000020   Data   RO         9340    .constdata          m_ws.l(rredf.o)
    0x08015980   0x08015980   0x00000060   Data   RO         9349    .constdata          m_ws.l(tan_i.o)
    0x080159e0   0x080159e0   0x0000004b   Data   RO         6785    .conststring        icm20948.o
    0x08015a2b   0x08015a2b   0x00000001   PAD
    0x08015a2c   0x08015a2c   0x00000020   Data   RO         9399    Region$$Table       anon$$obj.o


    Execution Region RW_IRAM1 (Exec base: 0x20000000, Load base: 0x08015a4c, Size: 0x00006240, Max: 0x0000c000, ABSOLUTE, COMPRESSED[0x000000a8])

    Exec Addr    Load Addr    Size         Type   Attr      Idx    E Section Name        Object

    0x20000000   COMPRESSED   0x0000000a   Data   RW          236    .data               protocol.o
    0x2000000a   COMPRESSED   0x00000002   PAD
    0x2000000c   COMPRESSED   0x0000000c   Data   RW          350    .data               app.o
    0x20000018   COMPRESSED   0x00000026   Data   RW          520    .data               app_uart_servo.o
    0x2000003e   COMPRESSED   0x00000002   PAD
    0x20000040   COMPRESSED   0x00000010   Data   RW          743    .data               app_bat.o
    0x20000050   COMPRESSED   0x0000000a   Data   RW          807    .data               app_motion.o
    0x2000005a   COMPRESSED   0x00000002   PAD
    0x2000005c   COMPRESSED   0x0000001c   Data   RW          935    .data               app_pid.o
    0x20000078   COMPRESSED   0x00000010   Data   RW         1168    .data               app_sbus.o
    0x20000088   COMPRESSED   0x00000024   Data   RW         1195    .data               app_mecanum.o
    0x200000ac   COMPRESSED   0x00000018   Data   RW         1236    .data               app_rgb.o
    0x200000c4   COMPRESSED   0x00000020   Data   RW         1331    .data               app_ackerman.o
    0x200000e4   COMPRESSED   0x00000020   Data   RW         1419    .data               app_fourwheel.o
    0x20000104   COMPRESSED   0x00000024   Data   RW         1449    .data               app_angle.o
    0x20000128   COMPRESSED   0x0000000a   Data   RW         1497    .data               bsp.o
    0x20000132   COMPRESSED   0x00000004   Data   RW         1690    .data               bsp_beep.o
    0x20000136   COMPRESSED   0x00000001   Data   RW         2079    .data               bsp_motor.o
    0x20000137   COMPRESSED   0x00000001   PAD
    0x20000138   COMPRESSED   0x00000004   Data   RW         2125    .data               bsp_key.o
    0x2000013c   COMPRESSED   0x00000010   Data   RW         2168    .data               bsp_encoder.o
    0x2000014c   COMPRESSED   0x0000000e   Data   RW         2227    .data               bsp_pwmservo.o
    0x2000015a   COMPRESSED   0x00000002   PAD
    0x2000015c   COMPRESSED   0x00000008   Data   RW         2264    .data               oled_fonts.o
    0x20000164   COMPRESSED   0x00000006   Data   RW         2298    .data               bsp_ssd1306.o
    0x2000016a   COMPRESSED   0x0000000a   Data   RW         2470    .data               bsp_can.o
    0x20000174   COMPRESSED   0x00000014   Data   RW         2607    .data               bsp_mpu9250.o
    0x20000188   COMPRESSED   0x00000014   Data   RW         4428    .data               stm32f10x_rcc.o
    0x2000019c   COMPRESSED   0x00000018   Data   RW         5853    .data               heap_2.o
    0x200001b4   COMPRESSED   0x00000004   Data   RW         5939    .data               port.o
    0x200001b8   COMPRESSED   0x00000040   Data   RW         6198    .data               tasks.o
    0x200001f8   COMPRESSED   0x00000002   Data   RW         6570    .data               dmp3default_20648.o
    0x200001fa   COMPRESSED   0x00000006   PAD
    0x20000200   COMPRESSED   0x000000a9   Data   RW         6786    .data               icm20948.o
    0x200002a9   COMPRESSED   0x00000009   Data   RW         6790    .data               icm20948.o
    0x200002b2   COMPRESSED   0x00000002   PAD
    0x200002b4   COMPRESSED   0x00000024   Data   RW         6791    .data               icm20948.o
    0x200002d8   COMPRESSED   0x00000014   Data   RW         6958    .data               inv_mems_augmented_sensors.o
    0x200002ec   COMPRESSED   0x0000006a   Data   RW         7032    .data               inv_mems_base_control.o
    0x20000356   COMPRESSED   0x00000002   PAD
    0x20000358   COMPRESSED   0x0000000c   Data   RW         7217    .data               inv_mems_base_driver.o
    0x20000364   COMPRESSED   0x00000010   Data   RW         7418    .data               inv_mems_data_converter.o
    0x20000374   COMPRESSED   0x00000008   Data   RW         7551    .data               inv_mems_interface_mapping.o
    0x2000037c   COMPRESSED   0x00000008   Data   RW         7804    .data               inv_mems_mpu_fifo_control.o
    0x20000384   COMPRESSED   0x00000006   Data   RW         7991    .data               inv_mems_mpu_selftest.o
    0x2000038a   COMPRESSED   0x00000002   PAD
    0x2000038c   COMPRESSED   0x00000014   Data   RW         8114    .data               inv_mems_slave_compass.o
    0x200003a0   COMPRESSED   0x00000008   Data   RW         8176    .data               inv_mems_slave_pressure.o
    0x200003a8   COMPRESSED   0x00000003   Data   RW         8226    .data               inv_mems_transport.o
    0x200003ab   COMPRESSED   0x00000001   PAD
    0x200003ac   COMPRESSED   0x00000014   Data   RW         8356    .data               ml_math_func.o
    0x200003c0   COMPRESSED   0x00000004   Data   RW         8979    .data               mc_w.l(rand.o)
    0x200003c4   COMPRESSED   0x00000004   Data   RW         9370    .data               mc_w.l(stdout.o)
    0x200003c8   COMPRESSED   0x00000004   Data   RW         9380    .data               mc_w.l(errno.o)
    0x200003cc        -       0x00000014   Zero   RW          235    .bss                protocol.o
    0x200003e0        -       0x0000000c   Zero   RW          519    .bss                app_uart_servo.o
    0x200003ec        -       0x00000058   Zero   RW          806    .bss                app_motion.o
    0x20000444        -       0x000000a0   Zero   RW          934    .bss                app_pid.o
    0x200004e4        -       0x00000056   Zero   RW         1166    .bss                app_sbus.o
    0x2000053a   COMPRESSED   0x00000002   PAD
    0x2000053c        -       0x0000007f   Zero   RW         1234    .bss                app_rgb.o
    0x200005bb   COMPRESSED   0x00000001   PAD
    0x200005bc        -       0x0000000c   Zero   RW         1445    .bss                app_angle.o
    0x200005c8        -       0x0000000c   Zero   RW         1446    .bss                app_angle.o
    0x200005d4        -       0x00000018   Zero   RW         1447    .bss                app_angle.o
    0x200005ec        -       0x00000800   Zero   RW         1740    .bss                bsp_flash.o
    0x20000dec        -       0x00000064   Zero   RW         1835    .bss                bsp_usart.o
    0x20000e50        -       0x00000080   Zero   RW         1966    .bss                bsp_io_i2c.o
    0x20000ed0        -       0x00000200   Zero   RW         2297    .bss                bsp_ssd1306.o
    0x200010d0        -       0x0000018a   Zero   RW         2538    .bss                bsp_rgb.o
    0x2000125a   COMPRESSED   0x00000002   PAD
    0x2000125c        -       0x00000020   Zero   RW         2606    .bss                bsp_mpu9250.o
    0x2000127c        -       0x00004400   Zero   RW         5852    .bss                heap_2.o
    0x2000567c        -       0x000000c8   Zero   RW         6197    .bss                tasks.o
    0x20005744        -       0x00000198   Zero   RW         6776    .bss                icm20948.o
    0x200058dc        -       0x0000004a   Zero   RW         7030    .bss                inv_mems_base_control.o
    0x20005926        -       0x00000012   Zero   RW         7216    .bss                inv_mems_base_driver.o
    0x20005938        -       0x000004ac   Zero   RW         7803    .bss                inv_mems_mpu_fifo_control.o
    0x20005de4        -       0x00000012   Zero   RW         7989    .bss                inv_mems_mpu_selftest.o
    0x20005df6        -       0x00000020   Zero   RW         8040    .bss                inv_mems_secondary_transport.o
    0x20005e16   COMPRESSED   0x00000002   PAD
    0x20005e18        -       0x00000024   Zero   RW         8112    .bss                inv_mems_slave_compass.o
    0x20005e3c   COMPRESSED   0x00000004   PAD
    0x20005e40        -       0x00000400   Zero   RW            1    STACK               startup_stm32f10x_hd.o


==============================================================================

Image component sizes


      Code (inc. data)   RO Data    RW Data    ZI Data      Debug   Object Name

      1632        402          0         12          0      15787   app.o
      1068         92          0         32          0       5387   app_ackerman.o
      1196         18          0         36         48       3104   app_angle.o
       416         64          0         16          0       4001   app_bat.o
      1482        288         30          0          0      11838   app_flash.o
       548         36          0         32          0       2876   app_fourwheel.o
        16          0          8          0          0        783   app_math.o
       732         44          0         36          0       3078   app_mecanum.o
      1740        196          0         10         88      11850   app_motion.o
      1128        404          0          0          0       7180   app_oled.o
       912        102          0         28        160       6354   app_pid.o
      1710        104          0         24        127      11698   app_rgb.o
       784         42          0         16         86       3172   app_sbus.o
      1744         80          0         38         12      14685   app_uart_servo.o
      1208        248          0         10          0      29971   bsp.o
       292         24          0          0          0       2735   bsp_adc.o
       252         42          0          4          0       3330   bsp_beep.o
       558         34          0         10          0       5752   bsp_can.o
      1230         70          0         16          0       5467   bsp_encoder.o
       506         34          0          0       2048       6101   bsp_flash.o
       698        156          0          0        128       5046   bsp_io_i2c.o
       168         16          0          4          0       2207   bsp_key.o
       670         46         96          1          0       3383   bsp_motor.o
      1426        172          0         20         32      10215   bsp_mpu9250.o
       860         68          0          0          0       6858   bsp_mpuiic.o
       460         28          0         14          0       2874   bsp_pwmservo.o
       504         50          0          0        394       4974   bsp_rgb.o
       292         14          0          0          0       1929   bsp_spi.o
       730         32          0          6        512       5929   bsp_ssd1306.o
       132         12          0          0          0        962   bsp_timer.o
       916         82          0          0        100       6844   bsp_usart.o
         0          0          0          0          0       4508   core_cm3.o
      1396         28      14250          2          0      34268   dmp3default_20648.o
       272         22          0         24      17408       3279   heap_2.o
      6242       1426         78        214        408      18578   icm20948.o
      1174         18          0         20          0       4839   inv_mems_augmented_sensors.o
      2744        198        244        106         74      16644   inv_mems_base_control.o
      1942        162          0         12         18      17981   inv_mems_base_driver.o
       664         32          0         16          0       4739   inv_mems_data_converter.o
       240         10          0          0          0       4045   inv_mems_drv_hook.o
       174          8          0          8          0      15631   inv_mems_interface_mapping.o
       158          0          0          0          0       1177   inv_mems_load_firmware.o
      2050        116          0          8       1196      21037   inv_mems_mpu_fifo_control.o
      1384         40        512          6         18       7630   inv_mems_mpu_selftest.o
       470         30          0          0         32       7490   inv_mems_secondary_transport.o
      1028         80         72         20         36       8159   inv_mems_slave_compass.o
       460         22          0          8          0       3492   inv_mems_slave_pressure.o
      1036         26          0          3          0       7944   inv_mems_transport.o
       138          0          0          0          0       2886   list.o
        60         24          0          0          0     226195   main.o
       148         14          0          0          0       1857   misc.o
      2114         36          0         20          0      12837   ml_math_func.o
         0          0       1900          8          0       1047   oled_fonts.o
       362         46          0          4          0       8164   port.o
      2988        118          0         10         20      17662   protocol.o
        36          8        304          0       1024        784   startup_stm32f10x_hd.o
       404         22          0          0          0       8218   stm32f10x_adc.o
       738         14          0          0          0       5176   stm32f10x_can.o
       402         28          0          0          0       5440   stm32f10x_dma.o
       160         16          0          0          0       1980   stm32f10x_exti.o
       320         12          0          0          0       4752   stm32f10x_gpio.o
       332         54          0         20          0       6347   stm32f10x_rcc.o
       146          0          0          0          0       4526   stm32f10x_spi.o
      2130        260          0          0          0      19226   stm32f10x_tim.o
       388          6          0          0          0       6986   stm32f10x_usart.o
       260         26          0          0          0      61573   system_stm32f10x.o
      1394        120          0         64        200      25133   tasks.o

    ----------------------------------------------------------------------
     60054       6022      17536        960      24180     808600   Object Totals
         0          0         32          0          0          0   (incl. Generated)
        90          0         10         22         11          0   (incl. Padding)

    ----------------------------------------------------------------------

      Code (inc. data)   RO Data    RW Data    ZI Data      Debug   Library Member Name

       624         52         80          0          0        168   asin.o
       544         70        152          0          0        124   atan.o
       412         38          0          0          0        144   atan2.o
       380         56          0          0          0        108   atanf.o
       380         52          0          0          0        124   cosf.o
        38          6          0          0          0        272   dunder.o
        40          0          0          0          0         68   fpclassify.o
        38          0          0          0          0         68   fpclassifyf.o
        24          0          0          0          0        204   funder.o
       170          0          0          0          0         96   poly.o
         0          0          8          0          0          0   qnan.o
       904         76        200          0          0        140   rred.o
       360         16         32          0          0         88   rredf.o
       392         54          0          0          0        124   sinf.o
        76          0          0          0          0         84   sqrt.o
        44          0          0          0          0         80   sqrtf.o
       100         10          0          0          0         96   tan.o
       636         50         96          0          0        168   tan_i.o
        86          0          0          0          0          0   __dczerorl2.o
         0          0          0          0          0          0   entry.o
         0          0          0          0          0          0   entry10a.o
         0          0          0          0          0          0   entry11a.o
         4          0          0          0          0          0   entry12b.o
         8          4          0          0          0          0   entry2.o
         4          0          0          0          0          0   entry5.o
         0          0          0          0          0          0   entry7b.o
         0          0          0          0          0          0   entry8b.o
         8          4          0          0          0          0   entry9a.o
        12          6          0          4          0         68   errno.o
        30          0          0          0          0          0   handlers.o
        36          8          0          0          0         68   init.o
         0          0          0          0          0          0   iusefp.o
        98          0          0          0          0         84   ldiv.o
        30          0          0          0          0         68   llshl.o
        36          0          0          0          0         68   llsshr.o
        32          0          0          0          0         68   llushr.o
        26          0          0          0          0         80   memcmp.o
        64          0          0          0          0         76   memmovea.o
        36          0          0          0          0        108   memseta.o
      2268         96          0          0          0        616   printfa.o
        36         10          0          4          0        136   rand.o
         0          0          0          4          0          0   stdout.o
        44          0          0          0          0         80   uidiv.o
        98          0          0          0          0         92   uldiv.o
        48          0          0          0          0         68   cdcmple.o
        48          0          0          0          0         68   cdrcmple.o
        20          0          0          0          0         68   cfrcmple.o
        56          0          0          0          0         88   d2f.o
       334          0          0          0          0        148   dadd.o
       222          0          0          0          0        100   ddiv.o
       186          0          0          0          0        176   depilogue.o
        62          0          0          0          0         80   dfixi.o
        48          0          0          0          0         68   dfixul.o
        34          0          0          0          0         76   dflti.o
        26          0          0          0          0         76   dfltui.o
       228          0          0          0          0         96   dmul.o
        46          0          0          0          0         80   dscalb.o
       162          0          0          0          0        100   dsqrt.o
        38          0          0          0          0         68   f2d.o
       176          0          0          0          0        140   fadd.o
       124          0          0          0          0         88   fdiv.o
       110          0          0          0          0        168   fepilogue.o
        50          0          0          0          0         68   ffixi.o
        40          0          0          0          0         68   ffixui.o
        18          0          0          0          0         68   fflti.o
        10          0          0          0          0         68   ffltui.o
       100          0          0          0          0         76   fmul.o
        60          0          0          0          0         76   frnd.o
        24          0          0          0          0         68   fscalb.o
        94          0          0          0          0         96   fsqrt.o

    ----------------------------------------------------------------------
     10494        608        568         12          0       6112   Library Totals
        12          0          0          0          0          0   (incl. Padding)

    ----------------------------------------------------------------------

      Code (inc. data)   RO Data    RW Data    ZI Data      Debug   Library Name

      5162        480        568          0          0       2156   m_ws.l
      2956        128          0         12          0       1612   mc_w.l
      2364          0          0          0          0       2344   mf_w.l

    ----------------------------------------------------------------------
     10494        608        568         12          0       6112   Library Totals

    ----------------------------------------------------------------------

==============================================================================


      Code (inc. data)   RO Data    RW Data    ZI Data      Debug   

     70548       6630      18104        972      24180     778596   Grand Totals
     70548       6630      18104        168      24180     778596   ELF Image Totals (compressed)
     70548       6630      18104        168          0          0   ROM Totals

==============================================================================

    Total RO  Size (Code + RO Data)                88652 (  86.57kB)
    Total RW  Size (RW Data + ZI Data)             25152 (  24.56kB)
    Total ROM Size (Code + RO Data + RW Data)      88820 (  86.74kB)

==============================================================================

